Archive member included to satisfy reference by file (symbol)

/opt/st/stm32cubeide_1.17.0/plugins/com.st.stm32cube.ide.mcu.externaltools.gnu-tools-for-stm32.12.3.rel1.linux64_1.1.0.202410170702/tools/bin/../lib/gcc/arm-none-eabi/12.3.1/../../../../arm-none-eabi/lib/thumb/v7e-m+fp/hard/libc_nano.a(libc_a-exit.o)
                              /opt/st/stm32cubeide_1.17.0/plugins/com.st.stm32cube.ide.mcu.externaltools.gnu-tools-for-stm32.12.3.rel1.linux64_1.1.0.202410170702/tools/bin/../lib/gcc/arm-none-eabi/12.3.1/../../../../arm-none-eabi/lib/thumb/v7e-m+fp/hard/crt0.o (exit)
/opt/st/stm32cubeide_1.17.0/plugins/com.st.stm32cube.ide.mcu.externaltools.gnu-tools-for-stm32.12.3.rel1.linux64_1.1.0.202410170702/tools/bin/../lib/gcc/arm-none-eabi/12.3.1/../../../../arm-none-eabi/lib/thumb/v7e-m+fp/hard/libc_nano.a(libc_a-findfp.o)
                              ./Middlewares/Third_Party/FreeRTOS/Source/tasks.o (__sf)
/opt/st/stm32cubeide_1.17.0/plugins/com.st.stm32cube.ide.mcu.externaltools.gnu-tools-for-stm32.12.3.rel1.linux64_1.1.0.202410170702/tools/bin/../lib/gcc/arm-none-eabi/12.3.1/../../../../arm-none-eabi/lib/thumb/v7e-m+fp/hard/libc_nano.a(libc_a-fwalk.o)
                              /opt/st/stm32cubeide_1.17.0/plugins/com.st.stm32cube.ide.mcu.externaltools.gnu-tools-for-stm32.12.3.rel1.linux64_1.1.0.202410170702/tools/bin/../lib/gcc/arm-none-eabi/12.3.1/../../../../arm-none-eabi/lib/thumb/v7e-m+fp/hard/libc_nano.a(libc_a-findfp.o) (_fwalk_sglue)
/opt/st/stm32cubeide_1.17.0/plugins/com.st.stm32cube.ide.mcu.externaltools.gnu-tools-for-stm32.12.3.rel1.linux64_1.1.0.202410170702/tools/bin/../lib/gcc/arm-none-eabi/12.3.1/../../../../arm-none-eabi/lib/thumb/v7e-m+fp/hard/libc_nano.a(libc_a-puts.o)
                              ./Core/Src/create_threads.o (puts)
/opt/st/stm32cubeide_1.17.0/plugins/com.st.stm32cube.ide.mcu.externaltools.gnu-tools-for-stm32.12.3.rel1.linux64_1.1.0.202410170702/tools/bin/../lib/gcc/arm-none-eabi/12.3.1/../../../../arm-none-eabi/lib/thumb/v7e-m+fp/hard/libc_nano.a(libc_a-sprintf.o)
                              ./Core/Src/main.o (sprintf)
/opt/st/stm32cubeide_1.17.0/plugins/com.st.stm32cube.ide.mcu.externaltools.gnu-tools-for-stm32.12.3.rel1.linux64_1.1.0.202410170702/tools/bin/../lib/gcc/arm-none-eabi/12.3.1/../../../../arm-none-eabi/lib/thumb/v7e-m+fp/hard/libc_nano.a(libc_a-stdio.o)
                              /opt/st/stm32cubeide_1.17.0/plugins/com.st.stm32cube.ide.mcu.externaltools.gnu-tools-for-stm32.12.3.rel1.linux64_1.1.0.202410170702/tools/bin/../lib/gcc/arm-none-eabi/12.3.1/../../../../arm-none-eabi/lib/thumb/v7e-m+fp/hard/libc_nano.a(libc_a-findfp.o) (__sread)
/opt/st/stm32cubeide_1.17.0/plugins/com.st.stm32cube.ide.mcu.externaltools.gnu-tools-for-stm32.12.3.rel1.linux64_1.1.0.202410170702/tools/bin/../lib/gcc/arm-none-eabi/12.3.1/../../../../arm-none-eabi/lib/thumb/v7e-m+fp/hard/libc_nano.a(libc_a-wbuf.o)
                              /opt/st/stm32cubeide_1.17.0/plugins/com.st.stm32cube.ide.mcu.externaltools.gnu-tools-for-stm32.12.3.rel1.linux64_1.1.0.202410170702/tools/bin/../lib/gcc/arm-none-eabi/12.3.1/../../../../arm-none-eabi/lib/thumb/v7e-m+fp/hard/libc_nano.a(libc_a-puts.o) (__swbuf_r)
/opt/st/stm32cubeide_1.17.0/plugins/com.st.stm32cube.ide.mcu.externaltools.gnu-tools-for-stm32.12.3.rel1.linux64_1.1.0.202410170702/tools/bin/../lib/gcc/arm-none-eabi/12.3.1/../../../../arm-none-eabi/lib/thumb/v7e-m+fp/hard/libc_nano.a(libc_a-wsetup.o)
                              /opt/st/stm32cubeide_1.17.0/plugins/com.st.stm32cube.ide.mcu.externaltools.gnu-tools-for-stm32.12.3.rel1.linux64_1.1.0.202410170702/tools/bin/../lib/gcc/arm-none-eabi/12.3.1/../../../../arm-none-eabi/lib/thumb/v7e-m+fp/hard/libc_nano.a(libc_a-puts.o) (__swsetup_r)
/opt/st/stm32cubeide_1.17.0/plugins/com.st.stm32cube.ide.mcu.externaltools.gnu-tools-for-stm32.12.3.rel1.linux64_1.1.0.202410170702/tools/bin/../lib/gcc/arm-none-eabi/12.3.1/../../../../arm-none-eabi/lib/thumb/v7e-m+fp/hard/libc_nano.a(libc_a-memset.o)
                              /opt/st/stm32cubeide_1.17.0/plugins/com.st.stm32cube.ide.mcu.externaltools.gnu-tools-for-stm32.12.3.rel1.linux64_1.1.0.202410170702/tools/bin/../lib/gcc/arm-none-eabi/12.3.1/../../../../arm-none-eabi/lib/thumb/v7e-m+fp/hard/crt0.o (memset)
/opt/st/stm32cubeide_1.17.0/plugins/com.st.stm32cube.ide.mcu.externaltools.gnu-tools-for-stm32.12.3.rel1.linux64_1.1.0.202410170702/tools/bin/../lib/gcc/arm-none-eabi/12.3.1/../../../../arm-none-eabi/lib/thumb/v7e-m+fp/hard/libc_nano.a(libc_a-closer.o)
                              /opt/st/stm32cubeide_1.17.0/plugins/com.st.stm32cube.ide.mcu.externaltools.gnu-tools-for-stm32.12.3.rel1.linux64_1.1.0.202410170702/tools/bin/../lib/gcc/arm-none-eabi/12.3.1/../../../../arm-none-eabi/lib/thumb/v7e-m+fp/hard/libc_nano.a(libc_a-stdio.o) (_close_r)
[...]
Memory Configuration

Name             Origin             Length             Attributes
RAM              0x20000000         0x00020000         xrw
FLASH            0x08000000         0x00080000         xr
*default*        0x00000000         0xffffffff

Linker script and memory map

LOAD /opt/st/stm32cubeide_1.17.0/plugins/com.st.stm32cube.ide.mcu.externaltools.gnu-tools-for-stm32.12.3.rel1.linux64_1.1.0.202410170702/tools/bin/../lib/gcc/arm-none-eabi/12.3.1/thumb/v7e-m+fp/hard/crti.o
LOAD /opt/st/stm32cubeide_1.17.0/plugins/com.st.stm32cube.ide.mcu.externaltools.gnu-tools-for-stm32.12.3.rel1.linux64_1.1.0.202410170702/tools/bin/../lib/gcc/arm-none-eabi/12.3.1/thumb/v7e-m+fp/hard/crtbegin.o
LOAD /opt/st/stm32cubeide_1.17.0/plugins/com.st.stm32cube.ide.mcu.externaltools.gnu-tools-for-stm32.12.3.rel1.linux64_1.1.0.202410170702/tools/bin/../lib/gcc/arm-none-eabi/12.3.1/../../../../arm-none-eabi/lib/thumb/v7e-m+fp/hard/crt0.o
LOAD ./Core/Src/create_threads.o
LOAD ./Core/Src/freertos.o
LOAD ./Core/Src/main.o
LOAD ./Core/Src/stm32f4xx_hal_msp.o
LOAD ./Core/Src/stm32f4xx_it.o
LOAD ./Core/Src/syscalls.o
LOAD ./Core/Src/sysmem.o
LOAD ./Core/Src/system_stm32f4xx.o
LOAD ./Core/Startup/startup_stm32f446zetx.o
LOAD ./Drivers/STM32F4xx_HAL_Driver/Src/stm32f4xx_hal.o
LOAD ./Drivers/STM32F4xx_HAL_Driver/Src/stm32f4xx_hal_cortex.o
LOAD ./Drivers/STM32F4xx_HAL_Driver/Src/stm32f4xx_hal_dma.o
LOAD ./Drivers/STM32F4xx_HAL_Driver/Src/stm32f4xx_hal_dma_ex.o
LOAD ./Drivers/STM32F4xx_HAL_Driver/Src/stm32f4xx_hal_exti.o
LOAD ./Drivers/STM32F4xx_HAL_Driver/Src/stm32f4xx_hal_flash.o
LOAD ./Drivers/STM32F4xx_HAL_Driver/Src/stm32f4xx_hal_flash_ex.o
LOAD ./Drivers/STM32F4xx_HAL_Driver/Src/stm32f4xx_hal_flash_ramfunc.o
LOAD ./Drivers/STM32F4xx_HAL_Driver/Src/stm32f4xx_hal_gpio.o
LOAD ./Drivers/STM32F4xx_HAL_Driver/Src/stm32f4xx_hal_mmc.o
LOAD ./Drivers/STM32F4xx_HAL_Driver/Src/stm32f4xx_hal_pcd.o
LOAD ./Drivers/STM32F4xx_HAL_Driver/Src/stm32f4xx_hal_pcd_ex.o
LOAD ./Drivers/STM32F4xx_HAL_Driver/Src/stm32f4xx_hal_pwr.o
LOAD ./Drivers/STM32F4xx_HAL_Driver/Src/stm32f4xx_hal_pwr_ex.o
LOAD ./Drivers/STM32F4xx_HAL_Driver/Src/stm32f4xx_hal_rcc.o
LOAD ./Drivers/STM32F4xx_HAL_Driver/Src/stm32f4xx_hal_rcc_ex.o
LOAD ./Drivers/STM32F4xx_HAL_Driver/Src/stm32f4xx_hal_sd.o
LOAD ./Drivers/STM32F4xx_HAL_Driver/Src/stm32f4xx_hal_tim.o
LOAD ./Drivers/STM32F4xx_HAL_Driver/Src/stm32f4xx_hal_tim_ex.o
LOAD ./Drivers/STM32F4xx_HAL_Driver/Src/stm32f4xx_hal_uart.o
LOAD ./Drivers/STM32F4xx_HAL_Driver/Src/stm32f4xx_ll_sdmmc.o
LOAD ./Drivers/STM32F4xx_HAL_Driver/Src/stm32f4xx_ll_usb.o
LOAD ./FATFS/App/fatfs.o
LOAD ./FATFS/Target/bsp_driver_sd.o
LOAD ./FATFS/Target/fatfs_platform.o
LOAD ./FATFS/Target/sd_diskio.o
LOAD ./Middlewares/Third_Party/FatFs/src/diskio.o
LOAD ./Middlewares/Third_Party/FatFs/src/ff.o
LOAD ./Middlewares/Third_Party/FatFs/src/ff_gen_drv.o
LOAD ./Middlewares/Third_Party/FatFs/src/option/ccsbcs.o
LOAD ./Middlewares/Third_Party/FatFs/src/option/syscall.o
LOAD ./Middlewares/Third_Party/FreeRTOS/Source/CMSIS_RTOS_V2/cmsis_os2.o
LOAD ./Middlewares/Third_Party/FreeRTOS/Source/croutine.o
LOAD ./Middlewares/Third_Party/FreeRTOS/Source/event_groups.o
LOAD ./Middlewares/Third_Party/FreeRTOS/Source/list.o
LOAD ./Middlewares/Third_Party/FreeRTOS/Source/queue.o
LOAD ./Middlewares/Third_Party/FreeRTOS/Source/stream_buffer.o
LOAD ./Middlewares/Third_Party/FreeRTOS/Source/tasks.o
LOAD ./Middlewares/Third_Party/FreeRTOS/Source/timers.o
LOAD ./Middlewares/Third_Party/FreeRTOS/Source/portable/GCC/ARM_CM4F/port.o
LOAD ./Middlewares/Third_Party/FreeRTOS/Source/portable/MemMang/heap_4.o
START GROUP
LOAD /opt/st/stm32cubeide_1.17.0/plugins/com.st.stm32cube.ide.mcu.externaltools.gnu-tools-for-stm32.12.3.rel1.linux64_1.1.0.202410170702/tools/bin/../lib/gcc/arm-none-eabi/12.3.1/../../../../arm-none-eabi/lib/thumb/v7e-m+fp/hard/libc_nano.a
LOAD /opt/st/stm32cubeide_1.17.0/plugins/com.st.stm32cube.ide.mcu.externaltools.gnu-tools-for-stm32.12.3.rel1.linux64_1.1.0.202410170702/tools/bin/../lib/gcc/arm-none-eabi/12.3.1/../../../../arm-none-eabi/lib/thumb/v7e-m+fp/hard/libm.a
END GROUP
START GROUP
LOAD /opt/st/stm32cubeide_1.17.0/plugins/com.st.stm32cube.ide.mcu.externaltools.gnu-tools-for-stm32.12.3.rel1.linux64_1.1.0.202410170702/tools/bin/../lib/gcc/arm-none-eabi/12.3.1/thumb/v7e-m+fp/hard/libgcc.a
LOAD /opt/st/stm32cubeide_1.17.0/plugins/com.st.stm32cube.ide.mcu.externaltools.gnu-tools-for-stm32.12.3.rel1.linux64_1.1.0.202410170702/tools/bin/../lib/gcc/arm-none-eabi/12.3.1/../../../../arm-none-eabi/lib/thumb/v7e-m+fp/hard/libc_nano.a
END GROUP
START GROUP
LOAD /opt/st/stm32cubeide_1.17.0/plugins/com.st.stm32cube.ide.mcu.externaltools.gnu-tools-for-stm32.12.3.rel1.linux64_1.1.0.202410170702/tools/bin/../lib/gcc/arm-none-eabi/12.3.1/thumb/v7e-m+fp/hard/libgcc.a
LOAD /opt/st/stm32cubeide_1.17.0/plugins/com.st.stm32cube.ide.mcu.externaltools.gnu-tools-for-stm32.12.3.rel1.linux64_1.1.0.202410170702/tools/bin/../lib/gcc/arm-none-eabi/12.3.1/../../../../arm-none-eabi/lib/thumb/v7e-m+fp/hard/libc_nano.a
LOAD /opt/st/stm32cubeide_1.17.0/plugins/com.st.stm32cube.ide.mcu.externaltools.gnu-tools-for-stm32.12.3.rel1.linux64_1.1.0.202410170702/tools/bin/../lib/gcc/arm-none-eabi/12.3.1/../../../../arm-none-eabi/lib/thumb/v7e-m+fp/hard/libnosys.a
END GROUP
START GROUP
LOAD /opt/st/stm32cubeide_1.17.0/plugins/com.st.stm32cube.ide.mcu.externaltools.gnu-tools-for-stm32.12.3.rel1.linux64_1.1.0.202410170702/tools/bin/../lib/gcc/arm-none-eabi/12.3.1/thumb/v7e-m+fp/hard/libgcc.a
LOAD /opt/st/stm32cubeide_1.17.0/plugins/com.st.stm32cube.ide.mcu.externaltools.gnu-tools-for-stm32.12.3.rel1.linux64_1.1.0.202410170702/tools/bin/../lib/gcc/arm-none-eabi/12.3.1/../../../../arm-none-eabi/lib/thumb/v7e-m+fp/hard/libc_nano.a
LOAD /opt/st/stm32cubeide_1.17.0/plugins/com.st.stm32cube.ide.mcu.externaltools.gnu-tools-for-stm32.12.3.rel1.linux64_1.1.0.202410170702/tools/bin/../lib/gcc/arm-none-eabi/12.3.1/../../../../arm-none-eabi/lib/thumb/v7e-m+fp/hard/libnosys.a
END GROUP
LOAD /opt/st/stm32cubeide_1.17.0/plugins/com.st.stm32cube.ide.mcu.externaltools.gnu-tools-for-stm32.12.3.rel1.linux64_1.1.0.202410170702/tools/bin/../lib/gcc/arm-none-eabi/12.3.1/thumb/v7e-m+fp/hard/crtend.o
LOAD /opt/st/stm32cubeide_1.17.0/plugins/com.st.stm32cube.ide.mcu.externaltools.gnu-tools-for-stm32.12.3.rel1.linux64_1.1.0.202410170702/tools/bin/../lib/gcc/arm-none-eabi/12.3.1/thumb/v7e-m+fp/hard/crtn.o
                0x20020000                        _estack = (ORIGIN (RAM) + LENGTH (RAM))
                0x00000200                        _Min_Heap_Size = 0x200
                0x00000400                        _Min_Stack_Size = 0x400

.isr_vector     0x08000000      0x1c4
                0x08000000                        . = ALIGN (0x4)
 *(.isr_vector)
 .isr_vector    0x08000000      0x1c4 ./Core/Startup/startup_stm32f446zetx.o
                0x08000000                g_pfnVectors
                0x080001c4                        . = ALIGN (0x4)

.text           0x080001d0     0xf3bc
                0x080001d0                        . = ALIGN (0x4)
 *(.text)
 .text          0x080001d0       0x40 /opt/st/stm32cubeide_1.17.0/plugins/com.st.stm32cube.ide.mcu.externaltools.gnu-tools-for-stm32.12.3.rel1.linux64_1.1.0.202410170702/tools/bin/../lib/gcc/arm-none-eabi/12.3.1/thumb/v7e-m+fp/hard/crtbegin.o
 .text          0x08000210       0x10 /opt/st/stm32cubeide_1.17.0/plugins/com.st.stm32cube.ide.mcu.externaltools.gnu-tools-for-stm32.12.3.rel1.linux64_1.1.0.202410170702/tools/bin/../lib/gcc/arm-none-eabi/12.3.1/../../../../arm-none-eabi/lib/thumb/v7e-m+fp/hard/libc_nano.a(libc_a-strlen.o)
                0x08000210                strlen
 .text          0x08000220       0xa0 /opt/st/stm32cubeide_1.17.0/plugins/com.st.stm32cube.ide.mcu.externaltools.gnu-tools-for-stm32.12.3.rel1.linux64_1.1.0.202410170702/tools/bin/../lib/gcc/arm-none-eabi/12.3.1/../../../../arm-none-eabi/lib/thumb/v7e-m+fp/hard/libc_nano.a(libc_a-memchr.o)
                0x08000220                memchr
 .text          0x080002c0      0x254 /opt/st/stm32cubeide_1.17.0/plugins/com.st.stm32cube.ide.mcu.externaltools.gnu-tools-for-stm32.12.3.rel1.linux64_1.1.0.202410170702/tools/bin/../lib/gcc/arm-none-eabi/12.3.1/thumb/v7e-m+fp/hard/libgcc.a(_arm_muldf3.o)
                0x080002c0                __aeabi_dmul
                0x080002c0                __muldf3
 .text          0x08000514      0x378 /opt/st/stm32cubeide_1.17.0/plugins/com.st.stm32cube.ide.mcu.externaltools.gnu-tools-for-stm32.12.3.rel1.linux64_1.1.0.202410170702/tools/bin/../lib/gcc/arm-none-eabi/12.3.1/thumb/v7e-m+fp/hard/libgcc.a(_arm_addsubdf3.o)
                0x08000514                __aeabi_drsub
                0x0800051c                __aeabi_dsub
                0x0800051c                __subdf3
                0x08000520                __adddf3
                0x08000520                __aeabi_dadd
                0x08000798                __aeabi_ui2d
                0x08000798                __floatunsidf
                0x080007b8                __floatsidf
                0x080007b8                __aeabi_i2d
                0x080007dc                __extendsfdf2
                0x080007dc                __aeabi_f2d
                0x08000820                __aeabi_ul2d
                0x08000820                __floatundidf
                0x08000830                __floatdidf
                0x08000830                __aeabi_l2d
 .text          0x0800088c       0x40 /opt/st/stm32cubeide_1.17.0/plugins/com.st.stm32cube.ide.mcu.externaltools.gnu-tools-for-stm32.12.3.rel1.linux64_1.1.0.202410170702/tools/bin/../lib/gcc/arm-none-eabi/12.3.1/thumb/v7e-m+fp/hard/libgcc.a(_arm_fixunsdfsi.o)
                0x0800088c                __fixunsdfsi
                0x0800088c                __aeabi_d2uiz
 .text          0x080008cc       0x30 /opt/st/stm32cubeide_1.17.0/plugins/com.st.stm32cube.ide.mcu.externaltools.gnu-tools-for-stm32.12.3.rel1.linux64_1.1.0.202410170702/tools/bin/../lib/gcc/arm-none-eabi/12.3.1/thumb/v7e-m+fp/hard/libgcc.a(_aeabi_uldivmod.o)
                0x080008cc                __aeabi_uldivmod
 .text          0x080008fc      0x2bc /opt/st/stm32cubeide_1.17.0/plugins/com.st.stm32cube.ide.mcu.externaltools.gnu-tools-for-stm32.12.3.rel1.linux64_1.1.0.202410170702/tools/bin/../lib/gcc/arm-none-eabi/12.3.1/thumb/v7e-m+fp/hard/libgcc.a(_udivmoddi4.o)
                0x080008fc                __udivmoddi4
 .text          0x08000bb8        0x4 /opt/st/stm32cubeide_1.17.0/plugins/com.st.stm32cube.ide.mcu.externaltools.gnu-tools-for-stm32.12.3.rel1.linux64_1.1.0.202410170702/tools/bin/../lib/gcc/arm-none-eabi/12.3.1/thumb/v7e-m+fp/hard/libgcc.a(_dvmd_tls.o)
                0x08000bb8                __aeabi_ldiv0
                0x08000bb8                __aeabi_idiv0
 *(.text*)
 .text.SDIO_SDCard_Test
                0x08000bbc      0x534 ./Core/Src/main.o
 .text.main     0x080010f0       0x54 ./Core/Src/main.o
                0x080010f0                main
 .text.SystemClock_Config
                0x08001144       0xd8 ./Core/Src/main.o
                0x08001144                SystemClock_Config
 .text.MX_SDIO_SD_Init
                0x0800121c       0x40 ./Core/Src/main.o
 .text.MX_TIM8_Init
                0x0800125c       0xa0 ./Core/Src/main.o
 .text.MX_USART3_UART_Init
                0x080012fc       0x54 ./Core/Src/main.o
 .text.MX_USB_OTG_FS_PCD_Init
                0x08001350       0x5c ./Core/Src/main.o
 .text.MX_DMA_Init
                0x080013ac       0x50 ./Core/Src/main.o
 .text.MX_GPIO_Init
                0x080013fc      0x15c ./Core/Src/main.o
 .text.StartDefaultTask
                0x08001558       0x10 ./Core/Src/main.o
                0x08001558                StartDefaultTask
 .text.Error_Handler
                0x08001568        0xc ./Core/Src/main.o
                0x08001568                Error_Handler
 .text.HAL_MspInit
                0x08001574       0x58 ./Core/Src/stm32f4xx_hal_msp.o
                0x08001574                HAL_MspInit
 .text.HAL_SD_MspInit
                0x080015cc      0x23c ./Core/Src/stm32f4xx_hal_msp.o
                0x080015cc                HAL_SD_MspInit
 .text.HAL_TIM_Base_MspInit
                0x08001808       0x80 ./Core/Src/stm32f4xx_hal_msp.o
                0x08001808                HAL_TIM_Base_MspInit
 .text.HAL_UART_MspInit
                0x08001888       0x90 ./Core/Src/stm32f4xx_hal_msp.o
                0x08001888                HAL_UART_MspInit
 .text.HAL_PCD_MspInit
                0x08001918       0xe0 ./Core/Src/stm32f4xx_hal_msp.o
                0x08001918                HAL_PCD_MspInit
 .text.NMI_Handler
                0x080019f8        0x8 ./Core/Src/stm32f4xx_it.o
                0x080019f8                NMI_Handler
 .text.HardFault_Handler
                0x08001a00        0x8 ./Core/Src/stm32f4xx_it.o
                0x08001a00                HardFault_Handler
 .text.MemManage_Handler
                0x08001a08        0x8 ./Core/Src/stm32f4xx_it.o
                0x08001a08                MemManage_Handler
 .text.BusFault_Handler
                0x08001a10        0x8 ./Core/Src/stm32f4xx_it.o
                0x08001a10                BusFault_Handler
 .text.UsageFault_Handler
                0x08001a18        0x8 ./Core/Src/stm32f4xx_it.o
                0x08001a18                UsageFault_Handler
 .text.DebugMon_Handler
                0x08001a20        0xe ./Core/Src/stm32f4xx_it.o
                0x08001a20                DebugMon_Handler
 .text.SysTick_Handler
                0x08001a2e       0x1a ./Core/Src/stm32f4xx_it.o
                0x08001a2e                SysTick_Handler
 .text.TIM8_BRK_TIM12_IRQHandler
                0x08001a48       0x14 ./Core/Src/stm32f4xx_it.o
                0x08001a48                TIM8_BRK_TIM12_IRQHandler
 .text.TIM8_UP_TIM13_IRQHandler
                0x08001a5c       0x14 ./Core/Src/stm32f4xx_it.o
                0x08001a5c                TIM8_UP_TIM13_IRQHandler
 .text.TIM8_TRG_COM_TIM14_IRQHandler
                0x08001a70       0x14 ./Core/Src/stm32f4xx_it.o
                0x08001a70                TIM8_TRG_COM_TIM14_IRQHandler
 .text.TIM8_CC_IRQHandler
                0x08001a84       0x14 ./Core/Src/stm32f4xx_it.o
                0x08001a84                TIM8_CC_IRQHandler
 .text.SDIO_IRQHandler
                0x08001a98       0x14 ./Core/Src/stm32f4xx_it.o
                0x08001a98                SDIO_IRQHandler
 .text.DMA2_Stream3_IRQHandler
                0x08001aac       0x14 ./Core/Src/stm32f4xx_it.o
                0x08001aac                DMA2_Stream3_IRQHandler
 .text.DMA2_Stream6_IRQHandler
                0x08001ac0       0x14 ./Core/Src/stm32f4xx_it.o
                0x08001ac0                DMA2_Stream6_IRQHandler
 .text._sbrk    0x08001ad4       0x6c ./Core/Src/sysmem.o
                0x08001ad4                _sbrk
 .text.SystemInit
                0x08001b40       0x24 ./Core/Src/system_stm32f4xx.o
                0x08001b40                SystemInit
 .text.Reset_Handler
                0x08001b64       0x50 ./Core/Startup/startup_stm32f446zetx.o
                0x08001b64                Reset_Handler
 .text.Default_Handler
                0x08001bb4        0x2 ./Core/Startup/startup_stm32f446zetx.o
                0x08001bb4                RTC_Alarm_IRQHandler
                0x08001bb4                EXTI2_IRQHandler
                0x08001bb4                FMPI2C1_EV_IRQHandler
                0x08001bb4                SPI4_IRQHandler
                0x08001bb4                TIM1_CC_IRQHandler
                0x08001bb4                DMA2_Stream5_IRQHandler
                0x08001bb4                DMA1_Stream5_IRQHandler
                0x08001bb4                PVD_IRQHandler
                0x08001bb4                TAMP_STAMP_IRQHandler
                0x08001bb4                CAN2_RX1_IRQHandler
                0x08001bb4                EXTI3_IRQHandler
                0x08001bb4                TIM1_UP_TIM10_IRQHandler
                0x08001bb4                I2C3_ER_IRQHandler
                0x08001bb4                EXTI0_IRQHandler
                0x08001bb4                I2C2_EV_IRQHandler
                0x08001bb4                DMA1_Stream2_IRQHandler
                0x08001bb4                CAN1_RX0_IRQHandler
                0x08001bb4                FPU_IRQHandler
                0x08001bb4                OTG_HS_WKUP_IRQHandler
                0x08001bb4                CAN2_SCE_IRQHandler
                0x08001bb4                DMA2_Stream2_IRQHandler
                0x08001bb4                SPI1_IRQHandler
                0x08001bb4                TIM6_DAC_IRQHandler
                0x08001bb4                TIM1_BRK_TIM9_IRQHandler
                0x08001bb4                DCMI_IRQHandler
                0x08001bb4                CAN2_RX0_IRQHandler
                0x08001bb4                SAI2_IRQHandler
                0x08001bb4                USART6_IRQHandler
                0x08001bb4                USART3_IRQHandler
                0x08001bb4                CAN1_RX1_IRQHandler
                0x08001bb4                UART5_IRQHandler
                0x08001bb4                DMA2_Stream0_IRQHandler
                0x08001bb4                TIM4_IRQHandler
                0x08001bb4                QUADSPI_IRQHandler
                0x08001bb4                I2C1_EV_IRQHandler
                0x08001bb4                DMA1_Stream6_IRQHandler
                0x08001bb4                DMA1_Stream1_IRQHandler
                0x08001bb4                UART4_IRQHandler
                0x08001bb4                TIM3_IRQHandler
                0x08001bb4                RCC_IRQHandler
                0x08001bb4                Default_Handler
                0x08001bb4                CEC_IRQHandler
                0x08001bb4                EXTI15_10_IRQHandler
                0x08001bb4                ADC_IRQHandler
                0x08001bb4                DMA1_Stream7_IRQHandler
                0x08001bb4                TIM7_IRQHandler
                0x08001bb4                CAN2_TX_IRQHandler
                0x08001bb4                TIM5_IRQHandler
                0x08001bb4                DMA2_Stream7_IRQHandler
                0x08001bb4                I2C3_EV_IRQHandler
                0x08001bb4                EXTI9_5_IRQHandler
                0x08001bb4                RTC_WKUP_IRQHandler
                0x08001bb4                SPDIF_RX_IRQHandler
                0x08001bb4                SPI2_IRQHandler
                0x08001bb4                OTG_HS_EP1_IN_IRQHandler
                0x08001bb4                DMA1_Stream0_IRQHandler
                0x08001bb4                CAN1_TX_IRQHandler
                0x08001bb4                FMPI2C1_ER_IRQHandler
                0x08001bb4                EXTI4_IRQHandler
                0x08001bb4                OTG_HS_EP1_OUT_IRQHandler
                0x08001bb4                WWDG_IRQHandler
                0x08001bb4                TIM2_IRQHandler
                0x08001bb4                OTG_FS_WKUP_IRQHandler
                0x08001bb4                TIM1_TRG_COM_TIM11_IRQHandler
                0x08001bb4                OTG_HS_IRQHandler
                0x08001bb4                EXTI1_IRQHandler
                0x08001bb4                USART2_IRQHandler
                0x08001bb4                I2C2_ER_IRQHandler
                0x08001bb4                DMA2_Stream1_IRQHandler
                0x08001bb4                CAN1_SCE_IRQHandler
                0x08001bb4                FLASH_IRQHandler
                0x08001bb4                DMA2_Stream4_IRQHandler
                0x08001bb4                USART1_IRQHandler
                0x08001bb4                OTG_FS_IRQHandler
                0x08001bb4                SPI3_IRQHandler
                0x08001bb4                DMA1_Stream4_IRQHandler
                0x08001bb4                I2C1_ER_IRQHandler
                0x08001bb4                FMC_IRQHandler
                0x08001bb4                SAI1_IRQHandler
                0x08001bb4                DMA1_Stream3_IRQHandler
 *fill*         0x08001bb6        0x2 
 .text.HAL_Init
                0x08001bb8       0x44 ./Drivers/STM32F4xx_HAL_Driver/Src/stm32f4xx_hal.o
                0x08001bb8                HAL_Init
 .text.HAL_InitTick
                0x08001bfc       0x60 ./Drivers/STM32F4xx_HAL_Driver/Src/stm32f4xx_hal.o
                0x08001bfc                HAL_InitTick
 .text.HAL_IncTick
                0x08001c5c       0x28 ./Drivers/STM32F4xx_HAL_Driver/Src/stm32f4xx_hal.o
                0x08001c5c                HAL_IncTick
 .text.HAL_GetTick
                0x08001c84       0x18 ./Drivers/STM32F4xx_HAL_Driver/Src/stm32f4xx_hal.o
                0x08001c84                HAL_GetTick
 .text.HAL_Delay
                0x08001c9c       0x48 ./Drivers/STM32F4xx_HAL_Driver/Src/stm32f4xx_hal.o
                0x08001c9c                HAL_Delay
 .text.__NVIC_SetPriorityGrouping
                0x08001ce4       0x48 ./Drivers/STM32F4xx_HAL_Driver/Src/stm32f4xx_hal_cortex.o
 .text.__NVIC_GetPriorityGrouping
                0x08001d2c       0x1c ./Drivers/STM32F4xx_HAL_Driver/Src/stm32f4xx_hal_cortex.o
 .text.__NVIC_EnableIRQ
                0x08001d48       0x3c ./Drivers/STM32F4xx_HAL_Driver/Src/stm32f4xx_hal_cortex.o
 .text.__NVIC_SetPriority
                0x08001d84       0x54 ./Drivers/STM32F4xx_HAL_Driver/Src/stm32f4xx_hal_cortex.o
 .text.NVIC_EncodePriority
                0x08001dd8       0x66 ./Drivers/STM32F4xx_HAL_Driver/Src/stm32f4xx_hal_cortex.o
 *fill*         0x08001e3e        0x2 
 .text.SysTick_Config
                0x08001e40       0x44 ./Drivers/STM32F4xx_HAL_Driver/Src/stm32f4xx_hal_cortex.o
 .text.HAL_NVIC_SetPriorityGrouping
                0x08001e84       0x16 ./Drivers/STM32F4xx_HAL_Driver/Src/stm32f4xx_hal_cortex.o
                0x08001e84                HAL_NVIC_SetPriorityGrouping
 .text.HAL_NVIC_SetPriority
                0x08001e9a       0x38 ./Drivers/STM32F4xx_HAL_Driver/Src/stm32f4xx_hal_cortex.o
                0x08001e9a                HAL_NVIC_SetPriority
 .text.HAL_NVIC_EnableIRQ
                0x08001ed2       0x1c ./Drivers/STM32F4xx_HAL_Driver/Src/stm32f4xx_hal_cortex.o
                0x08001ed2                HAL_NVIC_EnableIRQ
 .text.HAL_SYSTICK_Config
                0x08001eee       0x18 ./Drivers/STM32F4xx_HAL_Driver/Src/stm32f4xx_hal_cortex.o
                0x08001eee                HAL_SYSTICK_Config
 *fill*         0x08001f06        0x2 
 .text.HAL_DMA_Init
                0x08001f08      0x15c ./Drivers/STM32F4xx_HAL_Driver/Src/stm32f4xx_hal_dma.o
                0x08001f08                HAL_DMA_Init
 .text.HAL_DMA_Start_IT
                0x08002064       0xb0 ./Drivers/STM32F4xx_HAL_Driver/Src/stm32f4xx_hal_dma.o
                0x08002064                HAL_DMA_Start_IT
 .text.HAL_DMA_Abort_IT
                0x08002114       0x44 ./Drivers/STM32F4xx_HAL_Driver/Src/stm32f4xx_hal_dma.o
                0x08002114                HAL_DMA_Abort_IT
 .text.HAL_DMA_IRQHandler
                0x08002158      0x314 ./Drivers/STM32F4xx_HAL_Driver/Src/stm32f4xx_hal_dma.o
                0x08002158                HAL_DMA_IRQHandler
 .text.HAL_DMA_GetError
                0x0800246c       0x18 ./Drivers/STM32F4xx_HAL_Driver/Src/stm32f4xx_hal_dma.o
                0x0800246c                HAL_DMA_GetError
 .text.DMA_SetConfig
                0x08002484       0x5c ./Drivers/STM32F4xx_HAL_Driver/Src/stm32f4xx_hal_dma.o
 .text.DMA_CalcBaseAndBitshift
                0x080024e0       0x6c ./Drivers/STM32F4xx_HAL_Driver/Src/stm32f4xx_hal_dma.o
 .text.DMA_CheckFifoParam
                0x0800254c       0xf8 ./Drivers/STM32F4xx_HAL_Driver/Src/stm32f4xx_hal_dma.o
 .text.HAL_GPIO_Init
                0x08002644      0x328 ./Drivers/STM32F4xx_HAL_Driver/Src/stm32f4xx_hal_gpio.o
                0x08002644                HAL_GPIO_Init
 .text.HAL_GPIO_ReadPin
                0x0800296c       0x30 ./Drivers/STM32F4xx_HAL_Driver/Src/stm32f4xx_hal_gpio.o
                0x0800296c                HAL_GPIO_ReadPin
 .text.HAL_GPIO_WritePin
                0x0800299c       0x32 ./Drivers/STM32F4xx_HAL_Driver/Src/stm32f4xx_hal_gpio.o
                0x0800299c                HAL_GPIO_WritePin
 .text.HAL_PCD_Init
                0x080029ce      0x22c ./Drivers/STM32F4xx_HAL_Driver/Src/stm32f4xx_hal_pcd.o
                0x080029ce                HAL_PCD_Init
 .text.HAL_PCDEx_ActivateLPM
                0x08002bfa       0x48 ./Drivers/STM32F4xx_HAL_Driver/Src/stm32f4xx_hal_pcd_ex.o
                0x08002bfa                HAL_PCDEx_ActivateLPM
 *fill*         0x08002c42        0x2 
 .text.HAL_RCC_ClockConfig
                0x08002c44      0x1cc ./Drivers/STM32F4xx_HAL_Driver/Src/stm32f4xx_hal_rcc.o
                0x08002c44                HAL_RCC_ClockConfig
 .text.HAL_RCC_GetHCLKFreq
                0x08002e10       0x18 ./Drivers/STM32F4xx_HAL_Driver/Src/stm32f4xx_hal_rcc.o
                0x08002e10                HAL_RCC_GetHCLKFreq
 .text.HAL_RCC_GetPCLK1Freq
                0x08002e28       0x28 ./Drivers/STM32F4xx_HAL_Driver/Src/stm32f4xx_hal_rcc.o
                0x08002e28                HAL_RCC_GetPCLK1Freq
 .text.HAL_RCC_GetPCLK2Freq
                0x08002e50       0x28 ./Drivers/STM32F4xx_HAL_Driver/Src/stm32f4xx_hal_rcc.o
                0x08002e50                HAL_RCC_GetPCLK2Freq
 .text.HAL_RCCEx_PeriphCLKConfig
                0x08002e78      0x654 ./Drivers/STM32F4xx_HAL_Driver/Src/stm32f4xx_hal_rcc_ex.o
                0x08002e78                HAL_RCCEx_PeriphCLKConfig
 .text.HAL_RCC_GetSysClockFreq
                0x080034cc      0x460 ./Drivers/STM32F4xx_HAL_Driver/Src/stm32f4xx_hal_rcc_ex.o
                0x080034cc                HAL_RCC_GetSysClockFreq
 .text.HAL_RCC_OscConfig
                0x0800392c      0x53c ./Drivers/STM32F4xx_HAL_Driver/Src/stm32f4xx_hal_rcc_ex.o
                0x0800392c                HAL_RCC_OscConfig
 .text.HAL_SD_Init
                0x08003e68       0x60 ./Drivers/STM32F4xx_HAL_Driver/Src/stm32f4xx_hal_sd.o
                0x08003e68                HAL_SD_Init
 .text.HAL_SD_InitCard
                0x08003ec8      0x100 ./Drivers/STM32F4xx_HAL_Driver/Src/stm32f4xx_hal_sd.o
                0x08003ec8                HAL_SD_InitCard
 .text.HAL_SD_ReadBlocks_DMA
                0x08003fc8      0x1c0 ./Drivers/STM32F4xx_HAL_Driver/Src/stm32f4xx_hal_sd.o
                0x08003fc8                HAL_SD_ReadBlocks_DMA
 .text.HAL_SD_WriteBlocks_DMA
                0x08004188      0x1c4 ./Drivers/STM32F4xx_HAL_Driver/Src/stm32f4xx_hal_sd.o
                0x08004188                HAL_SD_WriteBlocks_DMA
 .text.HAL_SD_IRQHandler
                0x0800434c      0x2ec ./Drivers/STM32F4xx_HAL_Driver/Src/stm32f4xx_hal_sd.o
                0x0800434c                HAL_SD_IRQHandler
 .text.HAL_SD_ErrorCallback
                0x08004638       0x14 ./Drivers/STM32F4xx_HAL_Driver/Src/stm32f4xx_hal_sd.o
                0x08004638                HAL_SD_ErrorCallback
 .text.HAL_SD_GetCardCSD
                0x0800464c      0x348 ./Drivers/STM32F4xx_HAL_Driver/Src/stm32f4xx_hal_sd.o
                0x0800464c                HAL_SD_GetCardCSD
 .text.HAL_SD_GetCardInfo
                0x08004994       0x58 ./Drivers/STM32F4xx_HAL_Driver/Src/stm32f4xx_hal_sd.o
                0x08004994                HAL_SD_GetCardInfo
 .text.HAL_SD_GetCardState
                0x080049ec       0x40 ./Drivers/STM32F4xx_HAL_Driver/Src/stm32f4xx_hal_sd.o
                0x080049ec                HAL_SD_GetCardState
 .text.SD_DMATransmitCplt
                0x08004a2c       0x2a ./Drivers/STM32F4xx_HAL_Driver/Src/stm32f4xx_hal_sd.o
 .text.SD_DMAReceiveCplt
                0x08004a56       0x70 ./Drivers/STM32F4xx_HAL_Driver/Src/stm32f4xx_hal_sd.o
 *fill*         0x08004ac6        0x2 
 .text.SD_DMAError
                0x08004ac8       0xa4 ./Drivers/STM32F4xx_HAL_Driver/Src/stm32f4xx_hal_sd.o
 .text.SD_DMATxAbort
                0x08004b6c       0x6e ./Drivers/STM32F4xx_HAL_Driver/Src/stm32f4xx_hal_sd.o
 .text.SD_DMARxAbort
                0x08004bda       0x6e ./Drivers/STM32F4xx_HAL_Driver/Src/stm32f4xx_hal_sd.o
 .text.SD_InitCard
                0x08004c48      0x19c ./Drivers/STM32F4xx_HAL_Driver/Src/stm32f4xx_hal_sd.o
 .text.SD_PowerON
                0x08004de4      0x11c ./Drivers/STM32F4xx_HAL_Driver/Src/stm32f4xx_hal_sd.o
 .text.SD_SendStatus
                0x08004f00       0x50 ./Drivers/STM32F4xx_HAL_Driver/Src/stm32f4xx_hal_sd.o
 .text.SD_Read_IT
                0x08004f50       0xa2 ./Drivers/STM32F4xx_HAL_Driver/Src/stm32f4xx_hal_sd.o
 .text.SD_Write_IT
                0x08004ff2       0xaa ./Drivers/STM32F4xx_HAL_Driver/Src/stm32f4xx_hal_sd.o
 .text.HAL_TIM_Base_Init
                0x0800509c       0x9e ./Drivers/STM32F4xx_HAL_Driver/Src/stm32f4xx_hal_tim.o
                0x0800509c                HAL_TIM_Base_Init
 .text.HAL_TIM_IRQHandler
                0x0800513a      0x1e0 ./Drivers/STM32F4xx_HAL_Driver/Src/stm32f4xx_hal_tim.o
                0x0800513a                HAL_TIM_IRQHandler
 .text.HAL_TIM_ConfigClockSource
                0x0800531a      0x18e ./Drivers/STM32F4xx_HAL_Driver/Src/stm32f4xx_hal_tim.o
                0x0800531a                HAL_TIM_ConfigClockSource
 .text.HAL_TIM_PeriodElapsedCallback
                0x080054a8       0x14 ./Drivers/STM32F4xx_HAL_Driver/Src/stm32f4xx_hal_tim.o
                0x080054a8                HAL_TIM_PeriodElapsedCallback
 .text.HAL_TIM_OC_DelayElapsedCallback
                0x080054bc       0x14 ./Drivers/STM32F4xx_HAL_Driver/Src/stm32f4xx_hal_tim.o
                0x080054bc                HAL_TIM_OC_DelayElapsedCallback
 .text.HAL_TIM_IC_CaptureCallback
                0x080054d0       0x14 ./Drivers/STM32F4xx_HAL_Driver/Src/stm32f4xx_hal_tim.o
                0x080054d0                HAL_TIM_IC_CaptureCallback
 .text.HAL_TIM_PWM_PulseFinishedCallback
                0x080054e4       0x14 ./Drivers/STM32F4xx_HAL_Driver/Src/stm32f4xx_hal_tim.o
                0x080054e4                HAL_TIM_PWM_PulseFinishedCallback
 .text.HAL_TIM_TriggerCallback
                0x080054f8       0x14 ./Drivers/STM32F4xx_HAL_Driver/Src/stm32f4xx_hal_tim.o
                0x080054f8                HAL_TIM_TriggerCallback
 .text.TIM_Base_SetConfig
                0x0800550c      0x158 ./Drivers/STM32F4xx_HAL_Driver/Src/stm32f4xx_hal_tim.o
                0x0800550c                TIM_Base_SetConfig
 .text.TIM_TI1_ConfigInputStage
                0x08005664       0x5e ./Drivers/STM32F4xx_HAL_Driver/Src/stm32f4xx_hal_tim.o
 .text.TIM_TI2_ConfigInputStage
                0x080056c2       0x60 ./Drivers/STM32F4xx_HAL_Driver/Src/stm32f4xx_hal_tim.o
 .text.TIM_ITRx_SetConfig
                0x08005722       0x36 ./Drivers/STM32F4xx_HAL_Driver/Src/stm32f4xx_hal_tim.o
 .text.TIM_ETR_SetConfig
                0x08005758       0x40 ./Drivers/STM32F4xx_HAL_Driver/Src/stm32f4xx_hal_tim.o
                0x08005758                TIM_ETR_SetConfig
 .text.HAL_TIMEx_MasterConfigSynchronization
                0x08005798       0xf8 ./Drivers/STM32F4xx_HAL_Driver/Src/stm32f4xx_hal_tim_ex.o
                0x08005798                HAL_TIMEx_MasterConfigSynchronization
 .text.HAL_TIMEx_CommutCallback
                0x08005890       0x14 ./Drivers/STM32F4xx_HAL_Driver/Src/stm32f4xx_hal_tim_ex.o
                0x08005890                HAL_TIMEx_CommutCallback
 .text.HAL_TIMEx_BreakCallback
                0x080058a4       0x14 ./Drivers/STM32F4xx_HAL_Driver/Src/stm32f4xx_hal_tim_ex.o
                0x080058a4                HAL_TIMEx_BreakCallback
 .text.HAL_UART_Init
                0x080058b8       0xa0 ./Drivers/STM32F4xx_HAL_Driver/Src/stm32f4xx_hal_uart.o
                0x080058b8                HAL_UART_Init
 .text.HAL_UART_Transmit
                0x08005958      0x116 ./Drivers/STM32F4xx_HAL_Driver/Src/stm32f4xx_hal_uart.o
                0x08005958                HAL_UART_Transmit
 .text.UART_WaitOnFlagUntilTimeout
                0x08005a6e       0xb2 ./Drivers/STM32F4xx_HAL_Driver/Src/stm32f4xx_hal_uart.o
 .text.UART_EndRxTransfer
                0x08005b20       0xc6 ./Drivers/STM32F4xx_HAL_Driver/Src/stm32f4xx_hal_uart.o
 *fill*         0x08005be6        0x2 
 .text.UART_SetConfig
                0x08005be8      0x4e8 ./Drivers/STM32F4xx_HAL_Driver/Src/stm32f4xx_hal_uart.o
 .text.SDIO_Init
                0x080060d0       0x56 ./Drivers/STM32F4xx_HAL_Driver/Src/stm32f4xx_ll_sdmmc.o
                0x080060d0                SDIO_Init
 .text.SDIO_ReadFIFO
                0x08006126       0x1a ./Drivers/STM32F4xx_HAL_Driver/Src/stm32f4xx_ll_sdmmc.o
                0x08006126                SDIO_ReadFIFO
 .text.SDIO_WriteFIFO
                0x08006140       0x22 ./Drivers/STM32F4xx_HAL_Driver/Src/stm32f4xx_ll_sdmmc.o
                0x08006140                SDIO_WriteFIFO
 .text.SDIO_PowerState_ON
                0x08006162       0x1c ./Drivers/STM32F4xx_HAL_Driver/Src/stm32f4xx_ll_sdmmc.o
                0x08006162                SDIO_PowerState_ON
 .text.SDIO_GetPowerState
                0x0800617e       0x1c ./Drivers/STM32F4xx_HAL_Driver/Src/stm32f4xx_ll_sdmmc.o
                0x0800617e                SDIO_GetPowerState
 .text.SDIO_SendCommand
                0x0800619a       0x54 ./Drivers/STM32F4xx_HAL_Driver/Src/stm32f4xx_ll_sdmmc.o
                0x0800619a                SDIO_SendCommand
 .text.SDIO_GetCommandResponse
                0x080061ee       0x1a ./Drivers/STM32F4xx_HAL_Driver/Src/stm32f4xx_ll_sdmmc.o
                0x080061ee                SDIO_GetCommandResponse
 .text.SDIO_GetResponse
                0x08006208       0x26 ./Drivers/STM32F4xx_HAL_Driver/Src/stm32f4xx_ll_sdmmc.o
                0x08006208                SDIO_GetResponse
 .text.SDIO_ConfigData
                0x0800622e       0x58 ./Drivers/STM32F4xx_HAL_Driver/Src/stm32f4xx_ll_sdmmc.o
                0x0800622e                SDIO_ConfigData
 .text.SDMMC_CmdBlockLength
                0x08006286       0x44 ./Drivers/STM32F4xx_HAL_Driver/Src/stm32f4xx_ll_sdmmc.o
                0x08006286                SDMMC_CmdBlockLength
 .text.SDMMC_CmdReadSingleBlock
                0x080062ca       0x44 ./Drivers/STM32F4xx_HAL_Driver/Src/stm32f4xx_ll_sdmmc.o
                0x080062ca                SDMMC_CmdReadSingleBlock
 .text.SDMMC_CmdReadMultiBlock
                0x0800630e       0x44 ./Drivers/STM32F4xx_HAL_Driver/Src/stm32f4xx_ll_sdmmc.o
                0x0800630e                SDMMC_CmdReadMultiBlock
 .text.SDMMC_CmdWriteSingleBlock
                0x08006352       0x44 ./Drivers/STM32F4xx_HAL_Driver/Src/stm32f4xx_ll_sdmmc.o
                0x08006352                SDMMC_CmdWriteSingleBlock
 .text.SDMMC_CmdWriteMultiBlock
                0x08006396       0x44 ./Drivers/STM32F4xx_HAL_Driver/Src/stm32f4xx_ll_sdmmc.o
                0x08006396                SDMMC_CmdWriteMultiBlock
 *fill*         0x080063da        0x2 
 .text.SDMMC_CmdStopTransfer
                0x080063dc       0x44 ./Drivers/STM32F4xx_HAL_Driver/Src/stm32f4xx_ll_sdmmc.o
                0x080063dc                SDMMC_CmdStopTransfer
 .text.SDMMC_CmdSelDesel
                0x08006420       0x46 ./Drivers/STM32F4xx_HAL_Driver/Src/stm32f4xx_ll_sdmmc.o
                0x08006420                SDMMC_CmdSelDesel
 .text.SDMMC_CmdGoIdleState
                0x08006466       0x3c ./Drivers/STM32F4xx_HAL_Driver/Src/stm32f4xx_ll_sdmmc.o
                0x08006466                SDMMC_CmdGoIdleState
 .text.SDMMC_CmdOperCond
                0x080064a2       0x3e ./Drivers/STM32F4xx_HAL_Driver/Src/stm32f4xx_ll_sdmmc.o
                0x080064a2                SDMMC_CmdOperCond
 .text.SDMMC_CmdAppCommand
                0x080064e0       0x44 ./Drivers/STM32F4xx_HAL_Driver/Src/stm32f4xx_ll_sdmmc.o
                0x080064e0                SDMMC_CmdAppCommand
 .text.SDMMC_CmdAppOperCommand
                0x08006524       0x46 ./Drivers/STM32F4xx_HAL_Driver/Src/stm32f4xx_ll_sdmmc.o
                0x08006524                SDMMC_CmdAppOperCommand
 .text.SDMMC_CmdSendCID
                0x0800656a       0x3c ./Drivers/STM32F4xx_HAL_Driver/Src/stm32f4xx_ll_sdmmc.o
                0x0800656a                SDMMC_CmdSendCID
 .text.SDMMC_CmdSendCSD
                0x080065a6       0x3e ./Drivers/STM32F4xx_HAL_Driver/Src/stm32f4xx_ll_sdmmc.o
                0x080065a6                SDMMC_CmdSendCSD
 .text.SDMMC_CmdSetRelAdd
                0x080065e4       0x42 ./Drivers/STM32F4xx_HAL_Driver/Src/stm32f4xx_ll_sdmmc.o
                0x080065e4                SDMMC_CmdSetRelAdd
 .text.SDMMC_CmdSendStatus
                0x08006626       0x44 ./Drivers/STM32F4xx_HAL_Driver/Src/stm32f4xx_ll_sdmmc.o
                0x08006626                SDMMC_CmdSendStatus
 *fill*         0x0800666a        0x2 
 .text.SDMMC_GetCmdResp1
                0x0800666c      0x1dc ./Drivers/STM32F4xx_HAL_Driver/Src/stm32f4xx_ll_sdmmc.o
                0x0800666c                SDMMC_GetCmdResp1
 .text.SDMMC_GetCmdResp2
                0x08006848       0x90 ./Drivers/STM32F4xx_HAL_Driver/Src/stm32f4xx_ll_sdmmc.o
                0x08006848                SDMMC_GetCmdResp2
 .text.SDMMC_GetCmdResp3
                0x080068d8       0x7c ./Drivers/STM32F4xx_HAL_Driver/Src/stm32f4xx_ll_sdmmc.o
                0x080068d8                SDMMC_GetCmdResp3
 .text.SDMMC_GetCmdResp6
                0x08006954       0xec ./Drivers/STM32F4xx_HAL_Driver/Src/stm32f4xx_ll_sdmmc.o
                0x08006954                SDMMC_GetCmdResp6
 .text.SDMMC_GetCmdResp7
                0x08006a40       0x9c ./Drivers/STM32F4xx_HAL_Driver/Src/stm32f4xx_ll_sdmmc.o
                0x08006a40                SDMMC_GetCmdResp7
 .text.SDMMC_GetCmdError
                0x08006adc       0x58 ./Drivers/STM32F4xx_HAL_Driver/Src/stm32f4xx_ll_sdmmc.o
 .text.USB_CoreInit
                0x08006b34       0xc8 ./Drivers/STM32F4xx_HAL_Driver/Src/stm32f4xx_ll_usb.o
                0x08006b34                USB_CoreInit
 .text.USB_DisableGlobalInt
                0x08006bfc       0x22 ./Drivers/STM32F4xx_HAL_Driver/Src/stm32f4xx_ll_usb.o
                0x08006bfc                USB_DisableGlobalInt
 .text.USB_SetCurrentMode
                0x08006c1e       0x98 ./Drivers/STM32F4xx_HAL_Driver/Src/stm32f4xx_ll_usb.o
                0x08006c1e                USB_SetCurrentMode
 *fill*         0x08006cb6        0x2 
 .text.USB_DevInit
                0x08006cb8      0x2bc ./Drivers/STM32F4xx_HAL_Driver/Src/stm32f4xx_ll_usb.o
                0x08006cb8                USB_DevInit
 .text.USB_FlushTxFifo
                0x08006f74       0x64 ./Drivers/STM32F4xx_HAL_Driver/Src/stm32f4xx_ll_usb.o
                0x08006f74                USB_FlushTxFifo
 .text.USB_FlushRxFifo
                0x08006fd8       0x5c ./Drivers/STM32F4xx_HAL_Driver/Src/stm32f4xx_ll_usb.o
                0x08006fd8                USB_FlushRxFifo
 .text.USB_SetDevSpeed
                0x08007034       0x32 ./Drivers/STM32F4xx_HAL_Driver/Src/stm32f4xx_ll_usb.o
                0x08007034                USB_SetDevSpeed
 .text.USB_DevDisconnect
                0x08007066       0x42 ./Drivers/STM32F4xx_HAL_Driver/Src/stm32f4xx_ll_usb.o
                0x08007066                USB_DevDisconnect
 .text.USB_GetMode
                0x080070a8       0x1c ./Drivers/STM32F4xx_HAL_Driver/Src/stm32f4xx_ll_usb.o
                0x080070a8                USB_GetMode
 .text.USB_CoreReset
                0x080070c4       0x62 ./Drivers/STM32F4xx_HAL_Driver/Src/stm32f4xx_ll_usb.o
 *fill*         0x08007126        0x2 
 .text.MX_FATFS_Init
                0x08007128       0x24 ./FATFS/App/fatfs.o
                0x08007128                MX_FATFS_Init
 .text.get_fattime
                0x0800714c       0x10 ./FATFS/App/fatfs.o
                0x0800714c                get_fattime
 .text.BSP_SD_Init
                0x0800715c       0x30 ./FATFS/Target/bsp_driver_sd.o
                0x0800715c                BSP_SD_Init
 .text.BSP_SD_ReadBlocks_DMA
                0x0800718c       0x34 ./FATFS/Target/bsp_driver_sd.o
                0x0800718c                BSP_SD_ReadBlocks_DMA
 .text.BSP_SD_WriteBlocks_DMA
                0x080071c0       0x34 ./FATFS/Target/bsp_driver_sd.o
                0x080071c0                BSP_SD_WriteBlocks_DMA
 .text.BSP_SD_GetCardState
                0x080071f4       0x20 ./FATFS/Target/bsp_driver_sd.o
                0x080071f4                BSP_SD_GetCardState
 .text.BSP_SD_GetCardInfo
                0x08007214       0x1c ./FATFS/Target/bsp_driver_sd.o
                0x08007214                BSP_SD_GetCardInfo
 .text.HAL_SD_AbortCallback
                0x08007230       0x14 ./FATFS/Target/bsp_driver_sd.o
                0x08007230                HAL_SD_AbortCallback
 .text.HAL_SD_TxCpltCallback
                0x08007244       0x14 ./FATFS/Target/bsp_driver_sd.o
                0x08007244                HAL_SD_TxCpltCallback
 .text.HAL_SD_RxCpltCallback
                0x08007258       0x14 ./FATFS/Target/bsp_driver_sd.o
                0x08007258                HAL_SD_RxCpltCallback
 .text.BSP_SD_AbortCallback
                0x0800726c        0xe ./FATFS/Target/bsp_driver_sd.o
                0x0800726c                BSP_SD_AbortCallback
 .text.BSP_SD_IsDetected
                0x0800727a       0x24 ./FATFS/Target/bsp_driver_sd.o
                0x0800727a                BSP_SD_IsDetected
 *fill*         0x0800729e        0x2 
 .text.BSP_PlatformIsDetected
                0x080072a0       0x2c ./FATFS/Target/fatfs_platform.o
                0x080072a0                BSP_PlatformIsDetected
 .text.SD_CheckStatusWithTimeout
                0x080072cc       0x3a ./FATFS/Target/sd_diskio.o
 *fill*         0x08007306        0x2 
 .text.SD_CheckStatus
                0x08007308       0x3c ./FATFS/Target/sd_diskio.o
 .text.SD_initialize
                0x08007344       0x84 ./FATFS/Target/sd_diskio.o
                0x08007344                SD_initialize
 .text.SD_status
                0x080073c8       0x1c ./FATFS/Target/sd_diskio.o
                0x080073c8                SD_status
 .text.SD_read  0x080073e4       0x94 ./FATFS/Target/sd_diskio.o
                0x080073e4                SD_read
 .text.SD_write
                0x08007478       0x90 ./FATFS/Target/sd_diskio.o
                0x08007478                SD_write
 .text.SD_ioctl
                0x08007508       0xb0 ./FATFS/Target/sd_diskio.o
                0x08007508                SD_ioctl
 .text.BSP_SD_WriteCpltCallback
                0x080075b8       0x24 ./FATFS/Target/sd_diskio.o
                0x080075b8                BSP_SD_WriteCpltCallback
 .text.BSP_SD_ReadCpltCallback
                0x080075dc       0x24 ./FATFS/Target/sd_diskio.o
                0x080075dc                BSP_SD_ReadCpltCallback
 .text.disk_status
                0x08007600       0x34 ./Middlewares/Third_Party/FatFs/src/diskio.o
                0x08007600                disk_status
 .text.disk_initialize
                0x08007634       0x50 ./Middlewares/Third_Party/FatFs/src/diskio.o
                0x08007634                disk_initialize
 .text.disk_read
                0x08007684       0x40 ./Middlewares/Third_Party/FatFs/src/diskio.o
                0x08007684                disk_read
 .text.disk_write
                0x080076c4       0x40 ./Middlewares/Third_Party/FatFs/src/diskio.o
                0x080076c4                disk_write
 .text.disk_ioctl
                0x08007704       0x3c ./Middlewares/Third_Party/FatFs/src/diskio.o
                0x08007704                disk_ioctl
 .text.ld_word  0x08007740       0x30 ./Middlewares/Third_Party/FatFs/src/ff.o
 .text.ld_dword
                0x08007770       0x46 ./Middlewares/Third_Party/FatFs/src/ff.o
 .text.st_word  0x080077b6       0x36 ./Middlewares/Third_Party/FatFs/src/ff.o
 .text.st_dword
                0x080077ec       0x58 ./Middlewares/Third_Party/FatFs/src/ff.o
 .text.mem_cpy  0x08007844       0x42 ./Middlewares/Third_Party/FatFs/src/ff.o
 .text.mem_set  0x08007886       0x36 ./Middlewares/Third_Party/FatFs/src/ff.o
 .text.mem_cmp  0x080078bc       0x4e ./Middlewares/Third_Party/FatFs/src/ff.o
 .text.chk_chr  0x0800790a       0x36 ./Middlewares/Third_Party/FatFs/src/ff.o
 .text.lock_fs  0x08007940       0x2c ./Middlewares/Third_Party/FatFs/src/ff.o
 .text.unlock_fs
                0x0800796c       0x36 ./Middlewares/Third_Party/FatFs/src/ff.o
 *fill*         0x080079a2        0x2 
 .text.chk_lock
                0x080079a4       0xb8 ./Middlewares/Third_Party/FatFs/src/ff.o
 .text.enq_lock
                0x08007a5c       0x44 ./Middlewares/Third_Party/FatFs/src/ff.o
 .text.inc_lock
                0x08007aa0      0x11c ./Middlewares/Third_Party/FatFs/src/ff.o
 .text.dec_lock
                0x08007bbc       0x78 ./Middlewares/Third_Party/FatFs/src/ff.o
 .text.clear_lock
                0x08007c34       0x48 ./Middlewares/Third_Party/FatFs/src/ff.o
 .text.sync_window
                0x08007c7c       0x88 ./Middlewares/Third_Party/FatFs/src/ff.o
 .text.move_window
                0x08007d04       0x5a ./Middlewares/Third_Party/FatFs/src/ff.o
 *fill*         0x08007d5e        0x2 
 .text.sync_fs  0x08007d60       0xe0 ./Middlewares/Third_Party/FatFs/src/ff.o
 .text.clust2sect
                0x08007e40       0x3e ./Middlewares/Third_Party/FatFs/src/ff.o
 .text.get_fat  0x08007e7e      0x1a6 ./Middlewares/Third_Party/FatFs/src/ff.o
 .text.put_fat  0x08008024      0x234 ./Middlewares/Third_Party/FatFs/src/ff.o
 .text.remove_chain
                0x08008258       0xca ./Middlewares/Third_Party/FatFs/src/ff.o
 .text.create_chain
                0x08008322      0x130 ./Middlewares/Third_Party/FatFs/src/ff.o
 .text.clmt_clust
                0x08008452       0x70 ./Middlewares/Third_Party/FatFs/src/ff.o
 .text.dir_sdi  0x080084c2      0x112 ./Middlewares/Third_Party/FatFs/src/ff.o
 .text.dir_next
                0x080085d4      0x1ac ./Middlewares/Third_Party/FatFs/src/ff.o
 .text.dir_alloc
                0x08008780       0x8e ./Middlewares/Third_Party/FatFs/src/ff.o
 .text.ld_clust
                0x0800880e       0x3e ./Middlewares/Third_Party/FatFs/src/ff.o
 .text.st_clust
                0x0800884c       0x40 ./Middlewares/Third_Party/FatFs/src/ff.o
 .text.cmp_lfn  0x0800888c       0xe0 ./Middlewares/Third_Party/FatFs/src/ff.o
 .text.put_lfn  0x0800896c       0xd0 ./Middlewares/Third_Party/FatFs/src/ff.o
 .text.gen_numname
                0x08008a3c      0x11c ./Middlewares/Third_Party/FatFs/src/ff.o
 .text.sum_sfn  0x08008b58       0x42 ./Middlewares/Third_Party/FatFs/src/ff.o
 .text.dir_find
                0x08008b9a      0x180 ./Middlewares/Third_Party/FatFs/src/ff.o
 *fill*         0x08008d1a        0x2 
 .text.dir_register
                0x08008d1c      0x1f0 ./Middlewares/Third_Party/FatFs/src/ff.o
 .text.create_name
                0x08008f0c      0x370 ./Middlewares/Third_Party/FatFs/src/ff.o
 .text.follow_path
                0x0800927c       0xec ./Middlewares/Third_Party/FatFs/src/ff.o
 .text.get_ldnumber
                0x08009368       0x88 ./Middlewares/Third_Party/FatFs/src/ff.o
 .text.check_fs
                0x080093f0       0xac ./Middlewares/Third_Party/FatFs/src/ff.o
 .text.find_volume
                0x0800949c      0x510 ./Middlewares/Third_Party/FatFs/src/ff.o
 .text.validate
                0x080099ac       0x8e ./Middlewares/Third_Party/FatFs/src/ff.o
 *fill*         0x08009a3a        0x2 
 .text.f_mount  0x08009a3c       0xc8 ./Middlewares/Third_Party/FatFs/src/ff.o
                0x08009a3c                f_mount
 .text.f_open   0x08009b04      0x3c8 ./Middlewares/Third_Party/FatFs/src/ff.o
                0x08009b04                f_open
 .text.f_read   0x08009ecc      0x31c ./Middlewares/Third_Party/FatFs/src/ff.o
                0x08009ecc                f_read
 .text.f_write  0x0800a1e8      0x386 ./Middlewares/Third_Party/FatFs/src/ff.o
                0x0800a1e8                f_write
 .text.f_sync   0x0800a56e      0x112 ./Middlewares/Third_Party/FatFs/src/ff.o
                0x0800a56e                f_sync
 .text.f_close  0x0800a680       0x5e ./Middlewares/Third_Party/FatFs/src/ff.o
                0x0800a680                f_close
 .text.f_lseek  0x0800a6de      0x4dc ./Middlewares/Third_Party/FatFs/src/ff.o
                0x0800a6de                f_lseek
 .text.f_getfree
                0x0800abba      0x178 ./Middlewares/Third_Party/FatFs/src/ff.o
                0x0800abba                f_getfree
 .text.f_gets   0x0800ad32       0x7c ./Middlewares/Third_Party/FatFs/src/ff.o
                0x0800ad32                f_gets
 .text.putc_bfd
                0x0800adae       0x7a ./Middlewares/Third_Party/FatFs/src/ff.o
 .text.putc_flush
                0x0800ae28       0x4a ./Middlewares/Third_Party/FatFs/src/ff.o
 .text.putc_init
                0x0800ae72       0x2a ./Middlewares/Third_Party/FatFs/src/ff.o
 .text.f_puts   0x0800ae9c       0x48 ./Middlewares/Third_Party/FatFs/src/ff.o
                0x0800ae9c                f_puts
 .text.FATFS_LinkDriverEx
                0x0800aee4       0x98 ./Middlewares/Third_Party/FatFs/src/ff_gen_drv.o
                0x0800aee4                FATFS_LinkDriverEx
 .text.FATFS_LinkDriver
                0x0800af7c       0x1e ./Middlewares/Third_Party/FatFs/src/ff_gen_drv.o
                0x0800af7c                FATFS_LinkDriver
 *fill*         0x0800af9a        0x2 
 .text.ff_convert
                0x0800af9c       0x78 ./Middlewares/Third_Party/FatFs/src/option/ccsbcs.o
                0x0800af9c                ff_convert
 .text.ff_wtoupper
                0x0800b014      0x114 ./Middlewares/Third_Party/FatFs/src/option/ccsbcs.o
                0x0800b014                ff_wtoupper
 .text.ff_cre_syncobj
                0x0800b128       0x36 ./Middlewares/Third_Party/FatFs/src/option/syscall.o
                0x0800b128                ff_cre_syncobj
 .text.ff_del_syncobj
                0x0800b15e       0x18 ./Middlewares/Third_Party/FatFs/src/option/syscall.o
                0x0800b15e                ff_del_syncobj
 .text.ff_req_grant
                0x0800b176       0x2a ./Middlewares/Third_Party/FatFs/src/option/syscall.o
                0x0800b176                ff_req_grant
 .text.ff_rel_grant
                0x0800b1a0       0x16 ./Middlewares/Third_Party/FatFs/src/option/syscall.o
                0x0800b1a0                ff_rel_grant
 .text.ff_memalloc
                0x0800b1b6       0x18 ./Middlewares/Third_Party/FatFs/src/option/syscall.o
                0x0800b1b6                ff_memalloc
 .text.ff_memfree
                0x0800b1ce       0x16 ./Middlewares/Third_Party/FatFs/src/option/syscall.o
                0x0800b1ce                ff_memfree
 .text.__NVIC_SetPriority
                0x0800b1e4       0x54 ./Middlewares/Third_Party/FreeRTOS/Source/CMSIS_RTOS_V2/cmsis_os2.o
 .text.SVC_Setup
                0x0800b238       0x12 ./Middlewares/Third_Party/FreeRTOS/Source/CMSIS_RTOS_V2/cmsis_os2.o
 *fill*         0x0800b24a        0x2 
 .text.osKernelInitialize
                0x0800b24c       0x48 ./Middlewares/Third_Party/FreeRTOS/Source/CMSIS_RTOS_V2/cmsis_os2.o
                0x0800b24c                osKernelInitialize
 .text.osKernelGetState
                0x0800b294       0x44 ./Middlewares/Third_Party/FreeRTOS/Source/CMSIS_RTOS_V2/cmsis_os2.o
                0x0800b294                osKernelGetState
 .text.osKernelStart
                0x0800b2d8       0x4c ./Middlewares/Third_Party/FreeRTOS/Source/CMSIS_RTOS_V2/cmsis_os2.o
                0x0800b2d8                osKernelStart
 .text.osKernelGetTickCount
                0x0800b324       0x2a ./Middlewares/Third_Party/FreeRTOS/Source/CMSIS_RTOS_V2/cmsis_os2.o
                0x0800b324                osKernelGetTickCount
 .text.osThreadNew
                0x0800b34e      0x124 ./Middlewares/Third_Party/FreeRTOS/Source/CMSIS_RTOS_V2/cmsis_os2.o
                0x0800b34e                osThreadNew
 .text.osDelay  0x0800b472       0x36 ./Middlewares/Third_Party/FreeRTOS/Source/CMSIS_RTOS_V2/cmsis_os2.o
                0x0800b472                osDelay
 .text.osSemaphoreNew
                0x0800b4a8      0x112 ./Middlewares/Third_Party/FreeRTOS/Source/CMSIS_RTOS_V2/cmsis_os2.o
                0x0800b4a8                osSemaphoreNew
 *fill*         0x0800b5ba        0x2 
 .text.osSemaphoreAcquire
                0x0800b5bc       0xa4 ./Middlewares/Third_Party/FreeRTOS/Source/CMSIS_RTOS_V2/cmsis_os2.o
                0x0800b5bc                osSemaphoreAcquire
 .text.osSemaphoreRelease
                0x0800b660       0x88 ./Middlewares/Third_Party/FreeRTOS/Source/CMSIS_RTOS_V2/cmsis_os2.o
                0x0800b660                osSemaphoreRelease
 .text.osSemaphoreDelete
                0x0800b6e8       0x48 ./Middlewares/Third_Party/FreeRTOS/Source/CMSIS_RTOS_V2/cmsis_os2.o
                0x0800b6e8                osSemaphoreDelete
 .text.osMessageQueueNew
                0x0800b730       0xe6 ./Middlewares/Third_Party/FreeRTOS/Source/CMSIS_RTOS_V2/cmsis_os2.o
                0x0800b730                osMessageQueueNew
 *fill*         0x0800b816        0x2 
 .text.osMessageQueuePut
                0x0800b818       0xc0 ./Middlewares/Third_Party/FreeRTOS/Source/CMSIS_RTOS_V2/cmsis_os2.o
                0x0800b818                osMessageQueuePut
 .text.osMessageQueueGet
                0x0800b8d8       0xbc ./Middlewares/Third_Party/FreeRTOS/Source/CMSIS_RTOS_V2/cmsis_os2.o
                0x0800b8d8                osMessageQueueGet
 .text.vApplicationGetIdleTaskMemory
                0x0800b994       0x34 ./Middlewares/Third_Party/FreeRTOS/Source/CMSIS_RTOS_V2/cmsis_os2.o
                0x0800b994                vApplicationGetIdleTaskMemory
 .text.vApplicationGetTimerTaskMemory
                0x0800b9c8       0x34 ./Middlewares/Third_Party/FreeRTOS/Source/CMSIS_RTOS_V2/cmsis_os2.o
                0x0800b9c8                vApplicationGetTimerTaskMemory
 .text.vListInitialise
                0x0800b9fc       0x40 ./Middlewares/Third_Party/FreeRTOS/Source/list.o
                0x0800b9fc                vListInitialise
 .text.vListInitialiseItem
                0x0800ba3c       0x1a ./Middlewares/Third_Party/FreeRTOS/Source/list.o
                0x0800ba3c                vListInitialiseItem
 .text.vListInsertEnd
                0x0800ba56       0x48 ./Middlewares/Third_Party/FreeRTOS/Source/list.o
                0x0800ba56                vListInsertEnd
 .text.vListInsert
                0x0800ba9e       0x72 ./Middlewares/Third_Party/FreeRTOS/Source/list.o
                0x0800ba9e                vListInsert
 .text.uxListRemove
                0x0800bb10       0x54 ./Middlewares/Third_Party/FreeRTOS/Source/list.o
                0x0800bb10                uxListRemove
 .text.xQueueGenericReset
                0x0800bb64       0xd4 ./Middlewares/Third_Party/FreeRTOS/Source/queue.o
                0x0800bb64                xQueueGenericReset
 .text.xQueueGenericCreateStatic
                0x0800bc38       0xfa ./Middlewares/Third_Party/FreeRTOS/Source/queue.o
                0x0800bc38                xQueueGenericCreateStatic
 .text.xQueueGenericCreate
                0x0800bd32       0x76 ./Middlewares/Third_Party/FreeRTOS/Source/queue.o
                0x0800bd32                xQueueGenericCreate
 .text.prvInitialiseNewQueue
                0x0800bda8       0x46 ./Middlewares/Third_Party/FreeRTOS/Source/queue.o
 .text.xQueueCreateCountingSemaphoreStatic
                0x0800bdee       0x72 ./Middlewares/Third_Party/FreeRTOS/Source/queue.o
                0x0800bdee                xQueueCreateCountingSemaphoreStatic
 .text.xQueueCreateCountingSemaphore
                0x0800be60       0x6a ./Middlewares/Third_Party/FreeRTOS/Source/queue.o
                0x0800be60                xQueueCreateCountingSemaphore
 *fill*         0x0800beca        0x2 
 .text.xQueueGenericSend
                0x0800becc      0x204 ./Middlewares/Third_Party/FreeRTOS/Source/queue.o
                0x0800becc                xQueueGenericSend
 .text.xQueueGenericSendFromISR
                0x0800c0d0      0x13c ./Middlewares/Third_Party/FreeRTOS/Source/queue.o
                0x0800c0d0                xQueueGenericSendFromISR
 .text.xQueueGiveFromISR
                0x0800c20c      0x120 ./Middlewares/Third_Party/FreeRTOS/Source/queue.o
                0x0800c20c                xQueueGiveFromISR
 .text.xQueueReceive
                0x0800c32c      0x1c4 ./Middlewares/Third_Party/FreeRTOS/Source/queue.o
                0x0800c32c                xQueueReceive
 .text.xQueueSemaphoreTake
                0x0800c4f0      0x220 ./Middlewares/Third_Party/FreeRTOS/Source/queue.o
                0x0800c4f0                xQueueSemaphoreTake
 .text.xQueueReceiveFromISR
                0x0800c710      0x104 ./Middlewares/Third_Party/FreeRTOS/Source/queue.o
                0x0800c710                xQueueReceiveFromISR
 .text.vQueueDelete
                0x0800c814       0x48 ./Middlewares/Third_Party/FreeRTOS/Source/queue.o
                0x0800c814                vQueueDelete
 .text.prvGetDisinheritPriorityAfterTimeout
                0x0800c85c       0x30 ./Middlewares/Third_Party/FreeRTOS/Source/queue.o
 .text.prvCopyDataToQueue
                0x0800c88c       0xd4 ./Middlewares/Third_Party/FreeRTOS/Source/queue.o
 .text.prvCopyDataFromQueue
                0x0800c960       0x4c ./Middlewares/Third_Party/FreeRTOS/Source/queue.o
 .text.prvUnlockQueue
                0x0800c9ac       0xa4 ./Middlewares/Third_Party/FreeRTOS/Source/queue.o
 .text.prvIsQueueEmpty
                0x0800ca50       0x2c ./Middlewares/Third_Party/FreeRTOS/Source/queue.o
 .text.prvIsQueueFull
                0x0800ca7c       0x30 ./Middlewares/Third_Party/FreeRTOS/Source/queue.o
 .text.vQueueAddToRegistry
                0x0800caac       0x54 ./Middlewares/Third_Party/FreeRTOS/Source/queue.o
                0x0800caac                vQueueAddToRegistry
 .text.vQueueUnregisterQueue
                0x0800cb00       0x54 ./Middlewares/Third_Party/FreeRTOS/Source/queue.o
                0x0800cb00                vQueueUnregisterQueue
 .text.vQueueWaitForMessageRestricted
                0x0800cb54       0x68 ./Middlewares/Third_Party/FreeRTOS/Source/queue.o
                0x0800cb54                vQueueWaitForMessageRestricted
 .text.xTaskCreateStatic
                0x0800cbbc       0xc0 ./Middlewares/Third_Party/FreeRTOS/Source/tasks.o
                0x0800cbbc                xTaskCreateStatic
 .text.xTaskCreate
                0x0800cc7c       0x8a ./Middlewares/Third_Party/FreeRTOS/Source/tasks.o
                0x0800cc7c                xTaskCreate
 *fill*         0x0800cd06        0x2 
 .text.prvInitialiseNewTask
                0x0800cd08      0x150 ./Middlewares/Third_Party/FreeRTOS/Source/tasks.o
 .text.prvAddNewTaskToReadyList
                0x0800ce58       0xe0 ./Middlewares/Third_Party/FreeRTOS/Source/tasks.o
 .text.vTaskDelay
                0x0800cf38       0x6c ./Middlewares/Third_Party/FreeRTOS/Source/tasks.o
                0x0800cf38                vTaskDelay
 .text.vTaskStartScheduler
                0x0800cfa4       0xe0 ./Middlewares/Third_Party/FreeRTOS/Source/tasks.o
                0x0800cfa4                vTaskStartScheduler
 .text.vTaskSuspendAll
                0x0800d084       0x1c ./Middlewares/Third_Party/FreeRTOS/Source/tasks.o
                0x0800d084                vTaskSuspendAll
 .text.xTaskResumeAll
                0x0800d0a0      0x13c ./Middlewares/Third_Party/FreeRTOS/Source/tasks.o
                0x0800d0a0                xTaskResumeAll
 .text.xTaskGetTickCount
                0x0800d1dc       0x20 ./Middlewares/Third_Party/FreeRTOS/Source/tasks.o
                0x0800d1dc                xTaskGetTickCount
 .text.xTaskGetTickCountFromISR
                0x0800d1fc       0x24 ./Middlewares/Third_Party/FreeRTOS/Source/tasks.o
                0x0800d1fc                xTaskGetTickCountFromISR
 .text.xTaskIncrementTick
                0x0800d220      0x174 ./Middlewares/Third_Party/FreeRTOS/Source/tasks.o
                0x0800d220                xTaskIncrementTick
 .text.vTaskSwitchContext
                0x0800d394       0xcc ./Middlewares/Third_Party/FreeRTOS/Source/tasks.o
                0x0800d394                vTaskSwitchContext
 .text.vTaskPlaceOnEventList
                0x0800d460       0x4c ./Middlewares/Third_Party/FreeRTOS/Source/tasks.o
                0x0800d460                vTaskPlaceOnEventList
 .text.vTaskPlaceOnEventListRestricted
                0x0800d4ac       0x58 ./Middlewares/Third_Party/FreeRTOS/Source/tasks.o
                0x0800d4ac                vTaskPlaceOnEventListRestricted
 .text.xTaskRemoveFromEventList
                0x0800d504       0xc8 ./Middlewares/Third_Party/FreeRTOS/Source/tasks.o
                0x0800d504                xTaskRemoveFromEventList
 .text.vTaskInternalSetTimeOutState
                0x0800d5cc       0x2c ./Middlewares/Third_Party/FreeRTOS/Source/tasks.o
                0x0800d5cc                vTaskInternalSetTimeOutState
 .text.xTaskCheckForTimeOut
                0x0800d5f8       0xc8 ./Middlewares/Third_Party/FreeRTOS/Source/tasks.o
                0x0800d5f8                xTaskCheckForTimeOut
 .text.vTaskMissedYield
                0x0800d6c0       0x18 ./Middlewares/Third_Party/FreeRTOS/Source/tasks.o
                0x0800d6c0                vTaskMissedYield
 .text.prvIdleTask
                0x0800d6d8       0x30 ./Middlewares/Third_Party/FreeRTOS/Source/tasks.o
 .text.prvInitialiseTaskLists
                0x0800d708       0x80 ./Middlewares/Third_Party/FreeRTOS/Source/tasks.o
 .text.prvCheckTasksWaitingTermination
                0x0800d788       0x5c ./Middlewares/Third_Party/FreeRTOS/Source/tasks.o
 .text.prvDeleteTCB
                0x0800d7e4       0x6a ./Middlewares/Third_Party/FreeRTOS/Source/tasks.o
 *fill*         0x0800d84e        0x2 
 .text.prvResetNextTaskUnblockTime
                0x0800d850       0x40 ./Middlewares/Third_Party/FreeRTOS/Source/tasks.o
 .text.xTaskGetSchedulerState
                0x0800d890       0x3c ./Middlewares/Third_Party/FreeRTOS/Source/tasks.o
                0x0800d890                xTaskGetSchedulerState
 .text.xTaskPriorityInherit
                0x0800d8cc       0xd0 ./Middlewares/Third_Party/FreeRTOS/Source/tasks.o
                0x0800d8cc                xTaskPriorityInherit
 .text.xTaskPriorityDisinherit
                0x0800d99c       0xe0 ./Middlewares/Third_Party/FreeRTOS/Source/tasks.o
                0x0800d99c                xTaskPriorityDisinherit
 .text.vTaskPriorityDisinheritAfterTimeout
                0x0800da7c      0x108 ./Middlewares/Third_Party/FreeRTOS/Source/tasks.o
                0x0800da7c                vTaskPriorityDisinheritAfterTimeout
 .text.pvTaskIncrementMutexHeldCount
                0x0800db84       0x28 ./Middlewares/Third_Party/FreeRTOS/Source/tasks.o
                0x0800db84                pvTaskIncrementMutexHeldCount
 .text.prvAddCurrentTaskToDelayedList
                0x0800dbac       0xa8 ./Middlewares/Third_Party/FreeRTOS/Source/tasks.o
 .text.xTimerCreateTimerTask
                0x0800dc54       0x94 ./Middlewares/Third_Party/FreeRTOS/Source/timers.o
                0x0800dc54                xTimerCreateTimerTask
 .text.xTimerGenericCommand
                0x0800dce8       0x9c ./Middlewares/Third_Party/FreeRTOS/Source/timers.o
                0x0800dce8                xTimerGenericCommand
 .text.prvProcessExpiredTimer
                0x0800dd84       0x9c ./Middlewares/Third_Party/FreeRTOS/Source/timers.o
 .text.prvTimerTask
                0x0800de20       0x26 ./Middlewares/Third_Party/FreeRTOS/Source/timers.o
 *fill*         0x0800de46        0x2 
 .text.prvProcessTimerOrBlockTask
                0x0800de48       0x9c ./Middlewares/Third_Party/FreeRTOS/Source/timers.o
 .text.prvGetNextExpireTime
                0x0800dee4       0x48 ./Middlewares/Third_Party/FreeRTOS/Source/timers.o
 .text.prvSampleTimeNow
                0x0800df2c       0x40 ./Middlewares/Third_Party/FreeRTOS/Source/timers.o
 .text.prvInsertTimerInActiveList
                0x0800df6c       0x84 ./Middlewares/Third_Party/FreeRTOS/Source/timers.o
 .text.prvProcessReceivedCommands
                0x0800dff0      0x1cc ./Middlewares/Third_Party/FreeRTOS/Source/timers.o
 .text.prvSwitchTimerLists
                0x0800e1bc       0xcc ./Middlewares/Third_Party/FreeRTOS/Source/timers.o
 .text.prvCheckForValidListAndQueue
                0x0800e288       0x80 ./Middlewares/Third_Party/FreeRTOS/Source/timers.o
 .text.pxPortInitialiseStack
                0x0800e308       0x68 ./Middlewares/Third_Party/FreeRTOS/Source/portable/GCC/ARM_CM4F/port.o
                0x0800e308                pxPortInitialiseStack
 .text.prvTaskExitError
                0x0800e370       0x5c ./Middlewares/Third_Party/FreeRTOS/Source/portable/GCC/ARM_CM4F/port.o
 *fill*         0x0800e3cc        0x4 
 .text.SVC_Handler
                0x0800e3d0       0x28 ./Middlewares/Third_Party/FreeRTOS/Source/portable/GCC/ARM_CM4F/port.o
                0x0800e3d0                SVC_Handler
 .text.prvPortStartFirstTask
                0x0800e3f8       0x28 ./Middlewares/Third_Party/FreeRTOS/Source/portable/GCC/ARM_CM4F/port.o
 .text.xPortStartScheduler
                0x0800e420      0x148 ./Middlewares/Third_Party/FreeRTOS/Source/portable/GCC/ARM_CM4F/port.o
                0x0800e420                xPortStartScheduler
 .text.vPortEnterCritical
                0x0800e568       0x64 ./Middlewares/Third_Party/FreeRTOS/Source/portable/GCC/ARM_CM4F/port.o
                0x0800e568                vPortEnterCritical
 .text.vPortExitCritical
                0x0800e5cc       0x54 ./Middlewares/Third_Party/FreeRTOS/Source/portable/GCC/ARM_CM4F/port.o
                0x0800e5cc                vPortExitCritical
 .text.PendSV_Handler
                0x0800e620       0x68 ./Middlewares/Third_Party/FreeRTOS/Source/portable/GCC/ARM_CM4F/port.o
                0x0800e620                PendSV_Handler
 .text.xPortSysTickHandler
                0x0800e688       0x44 ./Middlewares/Third_Party/FreeRTOS/Source/portable/GCC/ARM_CM4F/port.o
                0x0800e688                xPortSysTickHandler
 .text.vPortSetupTimerInterrupt
                0x0800e6cc       0x48 ./Middlewares/Third_Party/FreeRTOS/Source/portable/GCC/ARM_CM4F/port.o
                0x0800e6cc                vPortSetupTimerInterrupt
 .text.vPortEnableVFP
                0x0800e714       0x14 ./Middlewares/Third_Party/FreeRTOS/Source/portable/GCC/ARM_CM4F/port.o
 .text.vPortValidateInterruptPriority
                0x0800e728       0x84 ./Middlewares/Third_Party/FreeRTOS/Source/portable/GCC/ARM_CM4F/port.o
                0x0800e728                vPortValidateInterruptPriority
 .text.pvPortMalloc
                0x0800e7ac      0x19c ./Middlewares/Third_Party/FreeRTOS/Source/portable/MemMang/heap_4.o
                0x0800e7ac                pvPortMalloc
 .text.vPortFree
                0x0800e948       0xc8 ./Middlewares/Third_Party/FreeRTOS/Source/portable/MemMang/heap_4.o
                0x0800e948                vPortFree
 .text.prvHeapInit
                0x0800ea10       0xc4 ./Middlewares/Third_Party/FreeRTOS/Source/portable/MemMang/heap_4.o
 .text.prvInsertBlockIntoFreeList
                0x0800ead4       0xb4 ./Middlewares/Third_Party/FreeRTOS/Source/portable/MemMang/heap_4.o
 .text.sprintf  0x0800eb88       0x40 /opt/st/stm32cubeide_1.17.0/plugins/com.st.stm32cube.ide.mcu.externaltools.gnu-tools-for-stm32.12.3.rel1.linux64_1.1.0.202410170702/tools/bin/../lib/gcc/arm-none-eabi/12.3.1/../../../../arm-none-eabi/lib/thumb/v7e-m+fp/hard/libc_nano.a(libc_a-sprintf.o)
                0x0800eb88                sprintf
                0x0800eb88                siprintf
 .text.memset   0x0800ebc8       0x10 /opt/st/stm32cubeide_1.17.0/plugins/com.st.stm32cube.ide.mcu.externaltools.gnu-tools-for-stm32.12.3.rel1.linux64_1.1.0.202410170702/tools/bin/../lib/gcc/arm-none-eabi/12.3.1/../../../../arm-none-eabi/lib/thumb/v7e-m+fp/hard/libc_nano.a(libc_a-memset.o)
                0x0800ebc8                memset
 .text._reclaim_reent
                0x0800ebd8       0xac /opt/st/stm32cubeide_1.17.0/plugins/com.st.stm32cube.ide.mcu.externaltools.gnu-tools-for-stm32.12.3.rel1.linux64_1.1.0.202410170702/tools/bin/../lib/gcc/arm-none-eabi/12.3.1/../../../../arm-none-eabi/lib/thumb/v7e-m+fp/hard/libc_nano.a(libc_a-reent.o)
                0x0800ebd8                _reclaim_reent
 .text.__errno  0x0800ec84        0xc /opt/st/stm32cubeide_1.17.0/plugins/com.st.stm32cube.ide.mcu.externaltools.gnu-tools-for-stm32.12.3.rel1.linux64_1.1.0.202410170702/tools/bin/../lib/gcc/arm-none-eabi/12.3.1/../../../../arm-none-eabi/lib/thumb/v7e-m+fp/hard/libc_nano.a(libc_a-errno.o)
                0x0800ec84                __errno
 .text.__libc_init_array
                0x0800ec90       0x48 /opt/st/stm32cubeide_1.17.0/plugins/com.st.stm32cube.ide.mcu.externaltools.gnu-tools-for-stm32.12.3.rel1.linux64_1.1.0.202410170702/tools/bin/../lib/gcc/arm-none-eabi/12.3.1/../../../../arm-none-eabi/lib/thumb/v7e-m+fp/hard/libc_nano.a(libc_a-init.o)
                0x0800ec90                __libc_init_array
 .text.__retarget_lock_acquire_recursive
                0x0800ecd8        0x2 /opt/st/stm32cubeide_1.17.0/plugins/com.st.stm32cube.ide.mcu.externaltools.gnu-tools-for-stm32.12.3.rel1.linux64_1.1.0.202410170702/tools/bin/../lib/gcc/arm-none-eabi/12.3.1/../../../../arm-none-eabi/lib/thumb/v7e-m+fp/hard/libc_nano.a(libc_a-lock.o)
                0x0800ecd8                __retarget_lock_acquire_recursive
 .text.__retarget_lock_release_recursive
                0x0800ecda        0x2 /opt/st/stm32cubeide_1.17.0/plugins/com.st.stm32cube.ide.mcu.externaltools.gnu-tools-for-stm32.12.3.rel1.linux64_1.1.0.202410170702/tools/bin/../lib/gcc/arm-none-eabi/12.3.1/../../../../arm-none-eabi/lib/thumb/v7e-m+fp/hard/libc_nano.a(libc_a-lock.o)
                0x0800ecda                __retarget_lock_release_recursive
 .text.memcpy   0x0800ecdc       0x1c /opt/st/stm32cubeide_1.17.0/plugins/com.st.stm32cube.ide.mcu.externaltools.gnu-tools-for-stm32.12.3.rel1.linux64_1.1.0.202410170702/tools/bin/../lib/gcc/arm-none-eabi/12.3.1/../../../../arm-none-eabi/lib/thumb/v7e-m+fp/hard/libc_nano.a(libc_a-memcpy-stub.o)
                0x0800ecdc                memcpy
 .text._free_r  0x0800ecf8       0x94 /opt/st/stm32cubeide_1.17.0/plugins/com.st.stm32cube.ide.mcu.externaltools.gnu-tools-for-stm32.12.3.rel1.linux64_1.1.0.202410170702/tools/bin/../lib/gcc/arm-none-eabi/12.3.1/../../../../arm-none-eabi/lib/thumb/v7e-m+fp/hard/libc_nano.a(libc_a-freer.o)
                0x0800ecf8                _free_r
 .text.sbrk_aligned
                0x0800ed8c       0x44 /opt/st/stm32cubeide_1.17.0/plugins/com.st.stm32cube.ide.mcu.externaltools.gnu-tools-for-stm32.12.3.rel1.linux64_1.1.0.202410170702/tools/bin/../lib/gcc/arm-none-eabi/12.3.1/../../../../arm-none-eabi/lib/thumb/v7e-m+fp/hard/libc_nano.a(libc_a-mallocr.o)
 .text._malloc_r
                0x0800edd0      0x100 /opt/st/stm32cubeide_1.17.0/plugins/com.st.stm32cube.ide.mcu.externaltools.gnu-tools-for-stm32.12.3.rel1.linux64_1.1.0.202410170702/tools/bin/../lib/gcc/arm-none-eabi/12.3.1/../../../../arm-none-eabi/lib/thumb/v7e-m+fp/hard/libc_nano.a(libc_a-mallocr.o)
                0x0800edd0                _malloc_r
 .text.__malloc_lock
                0x0800eed0        0xc /opt/st/stm32cubeide_1.17.0/plugins/com.st.stm32cube.ide.mcu.externaltools.gnu-tools-for-stm32.12.3.rel1.linux64_1.1.0.202410170702/tools/bin/../lib/gcc/arm-none-eabi/12.3.1/../../../../arm-none-eabi/lib/thumb/v7e-m+fp/hard/libc_nano.a(libc_a-mlock.o)
                0x0800eed0                __malloc_lock
 .text.__malloc_unlock
                0x0800eedc        0xc /opt/st/stm32cubeide_1.17.0/plugins/com.st.stm32cube.ide.mcu.externaltools.gnu-tools-for-stm32.12.3.rel1.linux64_1.1.0.202410170702/tools/bin/../lib/gcc/arm-none-eabi/12.3.1/../../../../arm-none-eabi/lib/thumb/v7e-m+fp/hard/libc_nano.a(libc_a-mlock.o)
                0x0800eedc                __malloc_unlock
 .text.__ssputs_r
                0x0800eee8       0xb6 /opt/st/stm32cubeide_1.17.0/plugins/com.st.stm32cube.ide.mcu.externaltools.gnu-tools-for-stm32.12.3.rel1.linux64_1.1.0.202410170702/tools/bin/../lib/gcc/arm-none-eabi/12.3.1/../../../../arm-none-eabi/lib/thumb/v7e-m+fp/hard/libc_nano.a(libc_a-nano-svfprintf.o)
                0x0800eee8                __ssputs_r
 *fill*         0x0800ef9e        0x2 
 .text._svfprintf_r
                0x0800efa0      0x1f8 /opt/st/stm32cubeide_1.17.0/plugins/com.st.stm32cube.ide.mcu.externaltools.gnu-tools-for-stm32.12.3.rel1.linux64_1.1.0.202410170702/tools/bin/../lib/gcc/arm-none-eabi/12.3.1/../../../../arm-none-eabi/lib/thumb/v7e-m+fp/hard/libc_nano.a(libc_a-nano-svfprintf.o)
                0x0800efa0                _svfprintf_r
                0x0800efa0                _svfiprintf_r
 .text._printf_common
                0x0800f198       0xda /opt/st/stm32cubeide_1.17.0/plugins/com.st.stm32cube.ide.mcu.externaltools.gnu-tools-for-stm32.12.3.rel1.linux64_1.1.0.202410170702/tools/bin/../lib/gcc/arm-none-eabi/12.3.1/../../../../arm-none-eabi/lib/thumb/v7e-m+fp/hard/libc_nano.a(libc_a-nano-vfprintf_i.o)
                0x0800f198                _printf_common
 *fill*         0x0800f272        0x2 
 .text._printf_i
                0x0800f274      0x240 /opt/st/stm32cubeide_1.17.0/plugins/com.st.stm32cube.ide.mcu.externaltools.gnu-tools-for-stm32.12.3.rel1.linux64_1.1.0.202410170702/tools/bin/../lib/gcc/arm-none-eabi/12.3.1/../../../../arm-none-eabi/lib/thumb/v7e-m+fp/hard/libc_nano.a(libc_a-nano-vfprintf_i.o)
                0x0800f274                _printf_i
 .text.memmove  0x0800f4b4       0x34 /opt/st/stm32cubeide_1.17.0/plugins/com.st.stm32cube.ide.mcu.externaltools.gnu-tools-for-stm32.12.3.rel1.linux64_1.1.0.202410170702/tools/bin/../lib/gcc/arm-none-eabi/12.3.1/../../../../arm-none-eabi/lib/thumb/v7e-m+fp/hard/libc_nano.a(libc_a-memmove.o)
                0x0800f4b4                memmove
 .text._sbrk_r  0x0800f4e8       0x20 /opt/st/stm32cubeide_1.17.0/plugins/com.st.stm32cube.ide.mcu.externaltools.gnu-tools-for-stm32.12.3.rel1.linux64_1.1.0.202410170702/tools/bin/../lib/gcc/arm-none-eabi/12.3.1/../../../../arm-none-eabi/lib/thumb/v7e-m+fp/hard/libc_nano.a(libc_a-sbrkr.o)
                0x0800f4e8                _sbrk_r
 .text._realloc_r
                0x0800f508       0x5c /opt/st/stm32cubeide_1.17.0/plugins/com.st.stm32cube.ide.mcu.externaltools.gnu-tools-for-stm32.12.3.rel1.linux64_1.1.0.202410170702/tools/bin/../lib/gcc/arm-none-eabi/12.3.1/../../../../arm-none-eabi/lib/thumb/v7e-m+fp/hard/libc_nano.a(libc_a-reallocr.o)
                0x0800f508                _realloc_r
 .text._malloc_usable_size_r
                0x0800f564       0x10 /opt/st/stm32cubeide_1.17.0/plugins/com.st.stm32cube.ide.mcu.externaltools.gnu-tools-for-stm32.12.3.rel1.linux64_1.1.0.202410170702/tools/bin/../lib/gcc/arm-none-eabi/12.3.1/../../../../arm-none-eabi/lib/thumb/v7e-m+fp/hard/libc_nano.a(libc_a-msizer.o)
                0x0800f564                _malloc_usable_size_r
 *(.glue_7)
 .glue_7        0x0800f574        0x0 linker stubs
 *(.glue_7t)
 .glue_7t       0x0800f574        0x0 linker stubs
 *(.eh_frame)
 .eh_frame      0x0800f574        0x0 /opt/st/stm32cubeide_1.17.0/plugins/com.st.stm32cube.ide.mcu.externaltools.gnu-tools-for-stm32.12.3.rel1.linux64_1.1.0.202410170702/tools/bin/../lib/gcc/arm-none-eabi/12.3.1/thumb/v7e-m+fp/hard/crtbegin.o
 *(.init)
 .init          0x0800f574        0x4 /opt/st/stm32cubeide_1.17.0/plugins/com.st.stm32cube.ide.mcu.externaltools.gnu-tools-for-stm32.12.3.rel1.linux64_1.1.0.202410170702/tools/bin/../lib/gcc/arm-none-eabi/12.3.1/thumb/v7e-m+fp/hard/crti.o
                0x0800f574                _init
 .init          0x0800f578        0x8 /opt/st/stm32cubeide_1.17.0/plugins/com.st.stm32cube.ide.mcu.externaltools.gnu-tools-for-stm32.12.3.rel1.linux64_1.1.0.202410170702/tools/bin/../lib/gcc/arm-none-eabi/12.3.1/thumb/v7e-m+fp/hard/crtn.o
 *(.fini)
 .fini          0x0800f580        0x4 /opt/st/stm32cubeide_1.17.0/plugins/com.st.stm32cube.ide.mcu.externaltools.gnu-tools-for-stm32.12.3.rel1.linux64_1.1.0.202410170702/tools/bin/../lib/gcc/arm-none-eabi/12.3.1/thumb/v7e-m+fp/hard/crti.o
                0x0800f580                _fini
 .fini          0x0800f584        0x8 /opt/st/stm32cubeide_1.17.0/plugins/com.st.stm32cube.ide.mcu.externaltools.gnu-tools-for-stm32.12.3.rel1.linux64_1.1.0.202410170702/tools/bin/../lib/gcc/arm-none-eabi/12.3.1/thumb/v7e-m+fp/hard/crtn.o
                0x0800f58c                        . = ALIGN (0x4)
                0x0800f58c                        _etext = .

.vfp11_veneer   0x0800f58c        0x0
 .vfp11_veneer  0x0800f58c        0x0 linker stubs

.v4_bx          0x0800f58c        0x0
 .v4_bx         0x0800f58c        0x0 linker stubs

.iplt           0x0800f58c        0x0
 .iplt          0x0800f58c        0x0 /opt/st/stm32cubeide_1.17.0/plugins/com.st.stm32cube.ide.mcu.externaltools.gnu-tools-for-stm32.12.3.rel1.linux64_1.1.0.202410170702/tools/bin/../lib/gcc/arm-none-eabi/12.3.1/thumb/v7e-m+fp/hard/crtbegin.o

.rodata         0x0800f58c      0x898
                0x0800f58c                        . = ALIGN (0x4)
 *(.rodata)
 .rodata        0x0800f58c      0x36a ./Core/Src/main.o
 *fill*         0x0800f8f6        0x2 
 .rodata        0x0800f8f8       0x48 ./Middlewares/Third_Party/FatFs/src/ff.o
 .rodata        0x0800f940        0x5 ./Middlewares/Third_Party/FreeRTOS/Source/tasks.o
 *fill*         0x0800f945        0x3 
 .rodata        0x0800f948        0xd ./Middlewares/Third_Party/FreeRTOS/Source/timers.o
 *(.rodata*)
 *fill*         0x0800f955        0x3 
 .rodata.defaultTask_attributes
                0x0800f958       0x24 ./Core/Src/main.o
                0x0800f958                defaultTask_attributes
 .rodata.AHBPrescTable
                0x0800f97c       0x10 ./Core/Src/system_stm32f4xx.o
                0x0800f97c                AHBPrescTable
 .rodata.APBPrescTable
                0x0800f98c        0x8 ./Core/Src/system_stm32f4xx.o
                0x0800f98c                APBPrescTable
 .rodata.flagBitshiftOffset.0
                0x0800f994        0x8 ./Drivers/STM32F4xx_HAL_Driver/Src/stm32f4xx_hal_dma.o
 .rodata.SD_Driver
                0x0800f99c       0x14 ./FATFS/Target/sd_diskio.o
                0x0800f99c                SD_Driver
 .rodata.ExCvt  0x0800f9b0       0x80 ./Middlewares/Third_Party/FatFs/src/ff.o
 .rodata.LfnOfs
                0x0800fa30        0xd ./Middlewares/Third_Party/FatFs/src/ff.o
 *fill*         0x0800fa3d        0x3 
 .rodata.Tbl    0x0800fa40      0x100 ./Middlewares/Third_Party/FatFs/src/option/ccsbcs.o
 .rodata.cvt1.1
                0x0800fb40      0x1f2 ./Middlewares/Third_Party/FatFs/src/option/ccsbcs.o
 *fill*         0x0800fd32        0x2 
 .rodata.cvt2.0
                0x0800fd34       0xbc ./Middlewares/Third_Party/FatFs/src/option/ccsbcs.o
 .rodata._svfprintf_r.str1.1
                0x0800fdf0       0x11 /opt/st/stm32cubeide_1.17.0/plugins/com.st.stm32cube.ide.mcu.externaltools.gnu-tools-for-stm32.12.3.rel1.linux64_1.1.0.202410170702/tools/bin/../lib/gcc/arm-none-eabi/12.3.1/../../../../arm-none-eabi/lib/thumb/v7e-m+fp/hard/libc_nano.a(libc_a-nano-svfprintf.o)
 .rodata._printf_i.str1.1
                0x0800fe01       0x22 /opt/st/stm32cubeide_1.17.0/plugins/com.st.stm32cube.ide.mcu.externaltools.gnu-tools-for-stm32.12.3.rel1.linux64_1.1.0.202410170702/tools/bin/../lib/gcc/arm-none-eabi/12.3.1/../../../../arm-none-eabi/lib/thumb/v7e-m+fp/hard/libc_nano.a(libc_a-nano-vfprintf_i.o)
                0x0800fe24                        . = ALIGN (0x4)
 *fill*         0x0800fe23        0x1 

.ARM.extab      0x0800fe24        0x0
                0x0800fe24                        . = ALIGN (0x4)
 *(.ARM.extab* .gnu.linkonce.armextab.*)
                0x0800fe24                        . = ALIGN (0x4)

.ARM            0x0800fe24        0x8
                0x0800fe24                        . = ALIGN (0x4)
                0x0800fe24                        __exidx_start = .
 *(.ARM.exidx*)
 .ARM.exidx     0x0800fe24        0x8 /opt/st/stm32cubeide_1.17.0/plugins/com.st.stm32cube.ide.mcu.externaltools.gnu-tools-for-stm32.12.3.rel1.linux64_1.1.0.202410170702/tools/bin/../lib/gcc/arm-none-eabi/12.3.1/../../../../arm-none-eabi/lib/thumb/v7e-m+fp/hard/libc_nano.a(libc_a-strlen.o)
 .ARM.exidx     0x0800fe2c        0x0 /opt/st/stm32cubeide_1.17.0/plugins/com.st.stm32cube.ide.mcu.externaltools.gnu-tools-for-stm32.12.3.rel1.linux64_1.1.0.202410170702/tools/bin/../lib/gcc/arm-none-eabi/12.3.1/../../../../arm-none-eabi/lib/thumb/v7e-m+fp/hard/libc_nano.a(libc_a-memchr.o)
                                  0x8 (size before relaxing)
 .ARM.exidx     0x0800fe2c        0x0 /opt/st/stm32cubeide_1.17.0/plugins/com.st.stm32cube.ide.mcu.externaltools.gnu-tools-for-stm32.12.3.rel1.linux64_1.1.0.202410170702/tools/bin/../lib/gcc/arm-none-eabi/12.3.1/thumb/v7e-m+fp/hard/libgcc.a(_udivmoddi4.o)
                                  0x8 (size before relaxing)
                0x0800fe2c                        __exidx_end = .
                0x0800fe2c                        . = ALIGN (0x4)

.preinit_array  0x0800fe2c        0x0
                0x0800fe2c                        . = ALIGN (0x4)
                0x0800fe2c                        PROVIDE (__preinit_array_start = .)
 *(.preinit_array*)
                0x0800fe2c                        PROVIDE (__preinit_array_end = .)
                0x0800fe2c                        . = ALIGN (0x4)

.init_array     0x0800fe2c        0x4
                0x0800fe2c                        . = ALIGN (0x4)
                0x0800fe2c                        PROVIDE (__init_array_start = .)
 *(SORT_BY_NAME(.init_array.*))
 *(.init_array*)
 .init_array    0x0800fe2c        0x4 /opt/st/stm32cubeide_1.17.0/plugins/com.st.stm32cube.ide.mcu.externaltools.gnu-tools-for-stm32.12.3.rel1.linux64_1.1.0.202410170702/tools/bin/../lib/gcc/arm-none-eabi/12.3.1/thumb/v7e-m+fp/hard/crtbegin.o
                0x0800fe30                        PROVIDE (__init_array_end = .)
                0x0800fe30                        . = ALIGN (0x4)

.fini_array     0x0800fe30        0x4
                0x0800fe30                        . = ALIGN (0x4)
                [!provide]                        PROVIDE (__fini_array_start = .)
 *(SORT_BY_NAME(.fini_array.*))
 *(.fini_array*)
 .fini_array    0x0800fe30        0x4 /opt/st/stm32cubeide_1.17.0/plugins/com.st.stm32cube.ide.mcu.externaltools.gnu-tools-for-stm32.12.3.rel1.linux64_1.1.0.202410170702/tools/bin/../lib/gcc/arm-none-eabi/12.3.1/thumb/v7e-m+fp/hard/crtbegin.o
                [!provide]                        PROVIDE (__fini_array_end = .)
                0x0800fe34                        . = ALIGN (0x4)
                0x0800fe34                        _sidata = LOADADDR (.data)

.rel.dyn        0x0800fe34        0x0
 .rel.iplt      0x0800fe34        0x0 /opt/st/stm32cubeide_1.17.0/plugins/com.st.stm32cube.ide.mcu.externaltools.gnu-tools-for-stm32.12.3.rel1.linux64_1.1.0.202410170702/tools/bin/../lib/gcc/arm-none-eabi/12.3.1/thumb/v7e-m+fp/hard/crtbegin.o

.data           0x20000000       0x60 load address 0x0800fe34
                0x20000000                        . = ALIGN (0x4)
                0x20000000                        _sdata = .
 *(.data)
 *(.data*)
 .data.SystemCoreClock
                0x20000000        0x4 ./Core/Src/system_stm32f4xx.o
                0x20000000                SystemCoreClock
 .data.uwTickPrio
                0x20000004        0x4 ./Drivers/STM32F4xx_HAL_Driver/Src/stm32f4xx_hal.o
                0x20000004                uwTickPrio
 .data.uwTickFreq
                0x20000008        0x1 ./Drivers/STM32F4xx_HAL_Driver/Src/stm32f4xx_hal.o
                0x20000008                uwTickFreq
 .data.Stat     0x20000009        0x1 ./FATFS/Target/sd_diskio.o
 *fill*         0x2000000a        0x2 
 .data.uxCriticalNesting
                0x2000000c        0x4 ./Middlewares/Third_Party/FreeRTOS/Source/portable/GCC/ARM_CM4F/port.o
 .data._impure_ptr
                0x20000010        0x4 /opt/st/stm32cubeide_1.17.0/plugins/com.st.stm32cube.ide.mcu.externaltools.gnu-tools-for-stm32.12.3.rel1.linux64_1.1.0.202410170702/tools/bin/../lib/gcc/arm-none-eabi/12.3.1/../../../../arm-none-eabi/lib/thumb/v7e-m+fp/hard/libc_nano.a(libc_a-impure.o)
                0x20000010                _impure_ptr
 .data._impure_data
                0x20000014       0x4c /opt/st/stm32cubeide_1.17.0/plugins/com.st.stm32cube.ide.mcu.externaltools.gnu-tools-for-stm32.12.3.rel1.linux64_1.1.0.202410170702/tools/bin/../lib/gcc/arm-none-eabi/12.3.1/../../../../arm-none-eabi/lib/thumb/v7e-m+fp/hard/libc_nano.a(libc_a-impure.o)
                0x20000014                _impure_data
 *(.RamFunc)
 *(.RamFunc*)
                0x20000060                        . = ALIGN (0x4)
                0x20000060                        _edata = .

.igot.plt       0x20000060        0x0 load address 0x0800fe94
 .igot.plt      0x20000060        0x0 /opt/st/stm32cubeide_1.17.0/plugins/com.st.stm32cube.ide.mcu.externaltools.gnu-tools-for-stm32.12.3.rel1.linux64_1.1.0.202410170702/tools/bin/../lib/gcc/arm-none-eabi/12.3.1/thumb/v7e-m+fp/hard/crtbegin.o
                0x20000060                        . = ALIGN (0x4)

.bss            0x20000060     0x5250 load address 0x0800fe94
                0x20000060                        _sbss = .
                0x20000060                        __bss_start__ = _sbss
 *(.bss)
 .bss           0x20000060       0x1c /opt/st/stm32cubeide_1.17.0/plugins/com.st.stm32cube.ide.mcu.externaltools.gnu-tools-for-stm32.12.3.rel1.linux64_1.1.0.202410170702/tools/bin/../lib/gcc/arm-none-eabi/12.3.1/thumb/v7e-m+fp/hard/crtbegin.o
 *(.bss*)
 .bss.hsd       0x2000007c       0x84 ./Core/Src/main.o
                0x2000007c                hsd
 .bss.hdma_sdio_rx
                0x20000100       0x60 ./Core/Src/main.o
                0x20000100                hdma_sdio_rx
 .bss.hdma_sdio_tx
                0x20000160       0x60 ./Core/Src/main.o
                0x20000160                hdma_sdio_tx
 .bss.htim8     0x200001c0       0x48 ./Core/Src/main.o
                0x200001c0                htim8
 .bss.huart3    0x20000208       0x48 ./Core/Src/main.o
                0x20000208                huart3
 .bss.hpcd_USB_OTG_FS
                0x20000250      0x4e4 ./Core/Src/main.o
                0x20000250                hpcd_USB_OTG_FS
 .bss.defaultTaskHandle
                0x20000734        0x4 ./Core/Src/main.o
                0x20000734                defaultTaskHandle
 .bss.__sbrk_heap_end
                0x20000738        0x4 ./Core/Src/sysmem.o
 .bss.uwTick    0x2000073c        0x4 ./Drivers/STM32F4xx_HAL_Driver/Src/stm32f4xx_hal.o
                0x2000073c                uwTick
 .bss.retSD     0x20000740        0x1 ./FATFS/App/fatfs.o
                0x20000740                retSD
 *fill*         0x20000741        0x3 
 .bss.SDPath    0x20000744        0x4 ./FATFS/App/fatfs.o
                0x20000744                SDPath
 .bss.SDQueueID
                0x20000748        0x4 ./FATFS/Target/sd_diskio.o
 .bss.FatFs     0x2000074c        0x4 ./Middlewares/Third_Party/FatFs/src/ff.o
 .bss.Fsid      0x20000750        0x2 ./Middlewares/Third_Party/FatFs/src/ff.o
 *fill*         0x20000752        0x2 
 .bss.Files     0x20000754       0x20 ./Middlewares/Third_Party/FatFs/src/ff.o
 .bss.disk      0x20000774        0xc ./Middlewares/Third_Party/FatFs/src/ff_gen_drv.o
                0x20000774                disk
 .bss.KernelState
                0x20000780        0x4 ./Middlewares/Third_Party/FreeRTOS/Source/CMSIS_RTOS_V2/cmsis_os2.o
 .bss.Idle_TCB.3
                0x20000784       0xa8 ./Middlewares/Third_Party/FreeRTOS/Source/CMSIS_RTOS_V2/cmsis_os2.o
 .bss.Idle_Stack.2
                0x2000082c      0x200 ./Middlewares/Third_Party/FreeRTOS/Source/CMSIS_RTOS_V2/cmsis_os2.o
 .bss.Timer_TCB.1
                0x20000a2c       0xa8 ./Middlewares/Third_Party/FreeRTOS/Source/CMSIS_RTOS_V2/cmsis_os2.o
 .bss.Timer_Stack.0
                0x20000ad4      0x400 ./Middlewares/Third_Party/FreeRTOS/Source/CMSIS_RTOS_V2/cmsis_os2.o
 .bss.xQueueRegistry
                0x20000ed4       0x40 ./Middlewares/Third_Party/FreeRTOS/Source/queue.o
                0x20000ed4                xQueueRegistry
 .bss.pxCurrentTCB
                0x20000f14        0x4 ./Middlewares/Third_Party/FreeRTOS/Source/tasks.o
                0x20000f14                pxCurrentTCB
 .bss.pxReadyTasksLists
                0x20000f18      0x460 ./Middlewares/Third_Party/FreeRTOS/Source/tasks.o
 .bss.xDelayedTaskList1
                0x20001378       0x14 ./Middlewares/Third_Party/FreeRTOS/Source/tasks.o
 .bss.xDelayedTaskList2
                0x2000138c       0x14 ./Middlewares/Third_Party/FreeRTOS/Source/tasks.o
 .bss.pxDelayedTaskList
                0x200013a0        0x4 ./Middlewares/Third_Party/FreeRTOS/Source/tasks.o
 .bss.pxOverflowDelayedTaskList
                0x200013a4        0x4 ./Middlewares/Third_Party/FreeRTOS/Source/tasks.o
 .bss.xPendingReadyList
                0x200013a8       0x14 ./Middlewares/Third_Party/FreeRTOS/Source/tasks.o
 .bss.xTasksWaitingTermination
                0x200013bc       0x14 ./Middlewares/Third_Party/FreeRTOS/Source/tasks.o
 .bss.uxDeletedTasksWaitingCleanUp
                0x200013d0        0x4 ./Middlewares/Third_Party/FreeRTOS/Source/tasks.o
 .bss.xSuspendedTaskList
                0x200013d4       0x14 ./Middlewares/Third_Party/FreeRTOS/Source/tasks.o
 .bss.uxCurrentNumberOfTasks
                0x200013e8        0x4 ./Middlewares/Third_Party/FreeRTOS/Source/tasks.o
 .bss.xTickCount
                0x200013ec        0x4 ./Middlewares/Third_Party/FreeRTOS/Source/tasks.o
 .bss.uxTopReadyPriority
                0x200013f0        0x4 ./Middlewares/Third_Party/FreeRTOS/Source/tasks.o
 .bss.xSchedulerRunning
                0x200013f4        0x4 ./Middlewares/Third_Party/FreeRTOS/Source/tasks.o
 .bss.xPendedTicks
                0x200013f8        0x4 ./Middlewares/Third_Party/FreeRTOS/Source/tasks.o
 .bss.xYieldPending
                0x200013fc        0x4 ./Middlewares/Third_Party/FreeRTOS/Source/tasks.o
 .bss.xNumOfOverflows
                0x20001400        0x4 ./Middlewares/Third_Party/FreeRTOS/Source/tasks.o
 .bss.uxTaskNumber
                0x20001404        0x4 ./Middlewares/Third_Party/FreeRTOS/Source/tasks.o
 .bss.xNextTaskUnblockTime
                0x20001408        0x4 ./Middlewares/Third_Party/FreeRTOS/Source/tasks.o
 .bss.xIdleTaskHandle
                0x2000140c        0x4 ./Middlewares/Third_Party/FreeRTOS/Source/tasks.o
 .bss.uxSchedulerSuspended
                0x20001410        0x4 ./Middlewares/Third_Party/FreeRTOS/Source/tasks.o
 .bss.xActiveTimerList1
                0x20001414       0x14 ./Middlewares/Third_Party/FreeRTOS/Source/timers.o
 .bss.xActiveTimerList2
                0x20001428       0x14 ./Middlewares/Third_Party/FreeRTOS/Source/timers.o
 .bss.pxCurrentTimerList
                0x2000143c        0x4 ./Middlewares/Third_Party/FreeRTOS/Source/timers.o
 .bss.pxOverflowTimerList
                0x20001440        0x4 ./Middlewares/Third_Party/FreeRTOS/Source/timers.o
 .bss.xTimerQueue
                0x20001444        0x4 ./Middlewares/Third_Party/FreeRTOS/Source/timers.o
 .bss.xTimerTaskHandle
                0x20001448        0x4 ./Middlewares/Third_Party/FreeRTOS/Source/timers.o
 .bss.xLastTime.2
                0x2000144c        0x4 ./Middlewares/Third_Party/FreeRTOS/Source/timers.o
 .bss.ucStaticTimerQueueStorage.1
                0x20001450       0xa0 ./Middlewares/Third_Party/FreeRTOS/Source/timers.o
 .bss.xStaticTimerQueue.0
                0x200014f0       0x50 ./Middlewares/Third_Party/FreeRTOS/Source/timers.o
 .bss.ucMaxSysCallPriority
                0x20001540        0x1 ./Middlewares/Third_Party/FreeRTOS/Source/portable/GCC/ARM_CM4F/port.o
 *fill*         0x20001541        0x3 
 .bss.ulMaxPRIGROUPValue
                0x20001544        0x4 ./Middlewares/Third_Party/FreeRTOS/Source/portable/GCC/ARM_CM4F/port.o
 .bss.ucHeap    0x20001548     0x3c00 ./Middlewares/Third_Party/FreeRTOS/Source/portable/MemMang/heap_4.o
 .bss.xStart    0x20005148        0x8 ./Middlewares/Third_Party/FreeRTOS/Source/portable/MemMang/heap_4.o
 .bss.pxEnd     0x20005150        0x4 ./Middlewares/Third_Party/FreeRTOS/Source/portable/MemMang/heap_4.o
 .bss.xFreeBytesRemaining
                0x20005154        0x4 ./Middlewares/Third_Party/FreeRTOS/Source/portable/MemMang/heap_4.o
 .bss.xMinimumEverFreeBytesRemaining
                0x20005158        0x4 ./Middlewares/Third_Party/FreeRTOS/Source/portable/MemMang/heap_4.o
 .bss.xNumberOfSuccessfulAllocations
                0x2000515c        0x4 ./Middlewares/Third_Party/FreeRTOS/Source/portable/MemMang/heap_4.o
 .bss.xNumberOfSuccessfulFrees
                0x20005160        0x4 ./Middlewares/Third_Party/FreeRTOS/Source/portable/MemMang/heap_4.o
 .bss.xBlockAllocatedBit
                0x20005164        0x4 ./Middlewares/Third_Party/FreeRTOS/Source/portable/MemMang/heap_4.o
 .bss.__sf      0x20005168      0x138 /opt/st/stm32cubeide_1.17.0/plugins/com.st.stm32cube.ide.mcu.externaltools.gnu-tools-for-stm32.12.3.rel1.linux64_1.1.0.202410170702/tools/bin/../lib/gcc/arm-none-eabi/12.3.1/../../../../arm-none-eabi/lib/thumb/v7e-m+fp/hard/libc_nano.a(libc_a-findfp.o)
                0x20005168                __sf
 .bss.errno     0x200052a0        0x4 /opt/st/stm32cubeide_1.17.0/plugins/com.st.stm32cube.ide.mcu.externaltools.gnu-tools-for-stm32.12.3.rel1.linux64_1.1.0.202410170702/tools/bin/../lib/gcc/arm-none-eabi/12.3.1/../../../../arm-none-eabi/lib/thumb/v7e-m+fp/hard/libc_nano.a(libc_a-reent.o)
                0x200052a0                errno
 .bss.__lock___malloc_recursive_mutex
                0x200052a4        0x1 /opt/st/stm32cubeide_1.17.0/plugins/com.st.stm32cube.ide.mcu.externaltools.gnu-tools-for-stm32.12.3.rel1.linux64_1.1.0.202410170702/tools/bin/../lib/gcc/arm-none-eabi/12.3.1/../../../../arm-none-eabi/lib/thumb/v7e-m+fp/hard/libc_nano.a(libc_a-lock.o)
                0x200052a4                __lock___malloc_recursive_mutex
 *fill*         0x200052a5        0x3 
 .bss.__malloc_sbrk_start
                0x200052a8        0x4 /opt/st/stm32cubeide_1.17.0/plugins/com.st.stm32cube.ide.mcu.externaltools.gnu-tools-for-stm32.12.3.rel1.linux64_1.1.0.202410170702/tools/bin/../lib/gcc/arm-none-eabi/12.3.1/../../../../arm-none-eabi/lib/thumb/v7e-m+fp/hard/libc_nano.a(libc_a-mallocr.o)