../Core/Src/main.c:91:13:SDIO_SDCard_Test	8648	static
../Core/Src/main.c:212:5:main	8	static
../Core/Src/main.c:374:6:SystemClock_Config	88	static
../Core/Src/main.c:421:13:MX_SDIO_SD_Init	4	static
../Core/Src/main.c:449:13:MX_TIM8_Init	32	static
../Core/Src/main.c:495:13:MX_USART3_UART_Init	8	static
../Core/Src/main.c:528:13:MX_USB_OTG_FS_PCD_Init	8	static
../Core/Src/main.c:561:13:MX_DMA_Init	16	static
../Core/Src/main.c:582:13:MX_GPIO_Init	56	static
../Core/Src/main.c:643:6:StartDefaultTask	16	static
../Core/Src/main.c:658:6:Error_Handler	4	static,ignoring_inline_asm
