../Core/Src/stm32f4xx_it.c:74:6:NMI_Handler	4	static
../Core/Src/stm32f4xx_it.c:89:6:HardFault_Handler	4	static
../Core/Src/stm32f4xx_it.c:104:6:MemManage_Handler	4	static
../Core/Src/stm32f4xx_it.c:119:6:BusFault_Handler	4	static
../Core/Src/stm32f4xx_it.c:134:6:UsageFault_Handler	4	static
../Core/Src/stm32f4xx_it.c:149:6:DebugMon_Handler	4	static
../Core/Src/stm32f4xx_it.c:162:6:SysTick_Handler	8	static
../Core/Src/stm32f4xx_it.c:191:6:TIM8_BRK_TIM12_IRQHandler	8	static
../Core/Src/stm32f4xx_it.c:205:6:TIM8_UP_TIM13_IRQHandler	8	static
../Core/Src/stm32f4xx_it.c:219:6:TIM8_TRG_COM_TIM14_IRQHandler	8	static
../Core/Src/stm32f4xx_it.c:233:6:TIM8_CC_IRQHandler	8	static
../Core/Src/stm32f4xx_it.c:247:6:SDIO_IRQHandler	8	static
../Core/Src/stm32f4xx_it.c:261:6:DMA2_Stream3_IRQHandler	8	static
../Core/Src/stm32f4xx_it.c:275:6:DMA2_Stream6_IRQHandler	8	static
